ARM Linker, RVCT3.1 [Build 939] for uVision [Standard]

================================================================================

Section Cross References

    lpc2300.o(STACK) refers (Special) to stkheap2.o(.text) for __use_two_region_memory
    lpc2300.o(HEAP) refers (Special) to stkheap2.o(.text) for __use_two_region_memory
    lpc2300.o(RESET) refers to lpc2300.o(STACK) for Stack_Top
    lpc2300.o(RESET) refers to __main.o(!!!main) for __main
    lpc2300.o(RESET) refers (Special) to stkheap2.o(.text) for __use_two_region_memory
    lpc2300.o(.text) refers to lpc2300.o(HEAP) for Heap_Mem
    lpc2300.o(.text) refers to lpc2300.o(STACK) for Stack_Mem
    lpc2300.o(.text) refers (Special) to stkheap2.o(.text) for __use_two_region_memory
    main.o(.text) refers to strlen.o(.text) for strlen
    main.o(.text) refers to aeabi_sdiv.o(.text) for __aeabi_idivmod
    main.o(.text) refers to aes.o(.text) for KeyExpansion
    main.o(.text) refers to main.o(.constdata) for .constdata
    aes.o(.text) refers to rt_memcpy_w.o(.text) for __aeabi_memcpy4
    aes.o(.text) refers to aeabi_sdiv.o(.text) for __aeabi_idivmod
    aes.o(.text) refers to aes.o(.constdata) for .constdata
    aes.o(.text) refers to aes.o(.bss) for RoundKey
    aes.o(.text) refers to aes.o(.data) for Rcon
    aeabi_sdiv.o(.text_udiv) refers to aeabi_sdiv.o(.text) for __arm_div4
    aeabi_sdiv_div0.o(.text_udiv) refers to aeabi_sdiv_div0.o(.text) for __arm_div4
    stkheap2.o(.text) refers to sys_stackheap_outer.o(.text) for __user_setup_stackheap
    stkheap2.o(.text) refers to rt_stackheap_storage_intlibspace.o(.text) for __rt_stackheap_storage
    __main.o(!!!main) refers to kernel.o(.text) for __rt_entry
    kernel.o(.text) refers to stkheap2.o(.text) for __rt_stackheap_init
    kernel.o(.text) refers to boardinit2.o(.text) for _platform_post_stackheap_init
    kernel.o(.text) refers to lib_init.o(.text) for __rt_lib_init
    kernel.o(.text) refers to boardinit3.o(.text) for _platform_post_lib_init
    kernel.o(.text) refers to exit.o(.text) for exit
    kernel.o(.text) refers to main.o(.text) for main
    kernel.o(.text) refers to sys_exit.o(.text) for _sys_exit
    kernel.o(.ARM.exidx) refers to kernel.o(.text) for __rt_entry
    sys_stackheap_outer.o(.text) refers to libspace.o(.text) for __user_perproc_libspace
    sys_stackheap_outer.o(.text) refers to lpc2300.o(.text) for __user_initial_stackheap
    aeabi_idiv0_sigfpe.o(.text) refers to rt_div0.o(.text) for __rt_div0
    rt_stackheap_storage.o(.text) refers to rt_stackheap_storage.o(.bss) for __rt_stackheap_storage_data
    rt_stackheap_storage_intlibspace.o(.text) refers to libspace.o(.bss) for __libspace_start
    sys_exit.o(.text) refers to use_no_semi.o(.text) for __I_use_semihosting
    libspace.o(.text) refers to libspace.o(.bss) for __libspace_start
    rt_div0.o(.text) refers to defsig_fpe_outer.o(.text) for __rt_SIGFPE
    exit.o(.text) refers to kernel.o(.text) for __rt_exit
    stkheap1.o(.text) refers to sys_stackheap_outer.o(.text) for __user_setup_stackheap
    stkheap1.o(.text) refers to rt_stackheap_storage_intlibspace.o(.text) for __rt_stackheap_storage
    lib_init.o(.emb_text) refers to no_argv.o(.text) for __ARM_get_argv
    lib_init.o(.text) refers to fpinit.o(x$fpl$fpinit) for _fp_init
    lib_init.o(.text) refers to lib_init.o(.emb_text) for __ARM_argv_veneer
    lib_init.o(.text) refers to rt_locale_intlibspace.o(.text) for __rt_locale
    rt_locale.o(.text) refers to rt_locale.o(.bss) for __rt_locale_data
    rt_locale_intlibspace.o(.text) refers to libspace.o(.bss) for __libspace_start
    defsig_fpe_outer.o(.text) refers to defsig_fpe_inner.o(.text) for __rt_SIGFPE_inner
    defsig_fpe_outer.o(.text) refers to defsig_exit.o(.text) for __sig_exit
    defsig_fpe_formal.o(.text) refers to rt_raise.o(.text) for __rt_raise
    _get_argv.o(.text) refers to heapext.o(.text) for __heap_extend
    _get_argv.o(.text) refers to defsig_rtmem_outer.o(.text) for __rt_SIGRTMEM
    _get_argv.o(.text) refers to sys_command.o(.text) for _sys_command_string
    _get_argv.o(.text) refers (Special) to hrguard.o(.text) for __heap_region_guard
    fpinit.o(x$fpl$fpinit) refers to rt_fp_status_addr_intlibspace.o(.text) for __rt_fp_status_addr
    sys_command.o(.text) refers (Special) to use_no_semi.o(.text) for __I_use_semihosting
    rt_raise.o(.text) refers to __raise.o(.text) for __raise
    rt_raise.o(.text) refers to sys_exit.o(.text) for _sys_exit
    rt_fp_status_addr.o(.text) refers to rt_fp_status_addr.o(.bss) for __rt_fp_status_addr_data
    rt_fp_status_addr_intlibspace.o(.text) refers to libspace.o(.bss) for __libspace_start
    defsig.o(CL$$defsig) refers to defsig_fpe_inner.o(.text) for __rt_SIGFPE_inner
    defsig.o(CL$$defsig) refers to defsig_rtmem_inner.o(.text) for __rt_SIGRTMEM_inner
    defsig_exit.o(.text) refers to sys_exit.o(.text) for _sys_exit
    defsig_fpe_inner.o(.text) refers to defsig_general.o(.text) for __default_signal_display
    defsig_rtmem_outer.o(.text) refers to defsig_rtmem_inner.o(.text) for __rt_SIGRTMEM_inner
    defsig_rtmem_outer.o(.text) refers to defsig_exit.o(.text) for __sig_exit
    defsig_rtmem_formal.o(.text) refers to rt_raise.o(.text) for __rt_raise
    heapext.o(.text) refers to stkheap2.o(.text) for __rt_heap_extend
    __raise.o(.text) refers to defsig.o(CL$$defsig) for __default_signal_handler
    __raise.o(.text) refers to callvia.o(.text) for __ARM_call_via_r2
    defsig_general.o(.text) refers to sys_wrch.o(.text) for _ttywrch
    defsig_abrt_inner.o(.text) refers to defsig_general.o(.text) for __default_signal_display
    defsig_rtred_inner.o(.text) refers to defsig_general.o(.text) for __default_signal_display
    defsig_rtmem_inner.o(.text) refers to defsig_general.o(.text) for __default_signal_display
    defsig_stak_inner.o(.text) refers to defsig_general.o(.text) for __default_signal_display
    defsig_pvfn_inner.o(.text) refers to defsig_general.o(.text) for __default_signal_display
    defsig_cppl_inner.o(.text) refers to defsig_general.o(.text) for __default_signal_display
    defsig_segv_inner.o(.text) refers to defsig_general.o(.text) for __default_signal_display
    defsig_other.o(.text) refers to defsig_general.o(.text) for __default_signal_display
    sys_wrch.o(.text) refers (Special) to use_no_semi.o(.text) for __I_use_semihosting


================================================================================

Adding Veneers to the image

    Adding TA veneer (8 bytes, Short) for call to '__rt_exit' from exit.o(.text).
    Adding AT veneer (12 bytes, Long) for call to '__rt_lib_shutdown' from kernel.o(.text).
    Adding TA veneer (4 bytes, Inline) for call to '_fp_init' from lib_init.o(.text).
    Adding TA veneer (4 bytes, Inline) for call to '__rt_locale' from lib_init.o(.text).
    Adding AT veneer (8 bytes, Inline) for call to '__rt_lib_init' from kernel.o(.text).
    Adding AT veneer (8 bytes, Inline) for call to 'strlen' from main.o(.text).
    Adding TA veneer (4 bytes, Inline) for call to '__ARM_argv_veneer' from lib_init.o(.text).

7 Veneer(s) (total 48 bytes) added to the image.

================================================================================

Image Symbol Table

    Local Symbols

    Symbol Name                              Value     Ov Type        Size  Object(Section)

    RESET                                    0x00000000   Section      564  lpc2300.o(RESET)
    ../../angel/boardlib.s                   0x00000000   Number         0  boardinit3.o ABSOLUTE
    ../../angel/boardlib.s                   0x00000000   Number         0  cpuinit.o ABSOLUTE
    ../../angel/boardlib.s                   0x00000000   Number         0  boardinit1.o ABSOLUTE
    ../../angel/boardlib.s                   0x00000000   Number         0  boardinit2.o ABSOLUTE
    ../../angel/boardlib.s                   0x00000000   Number         0  boardshut.o ABSOLUTE
    ../../angel/dczerorl2.s                  0x00000000   Number         0  __dczerorl2.o ABSOLUTE
    ../../angel/handlers.s                   0x00000000   Number         0  __scatter_zi.o ABSOLUTE
    ../../angel/kernel.s                     0x00000000   Number         0  kernel.o ABSOLUTE
    ../../angel/rt.s                         0x00000000   Number         0  rt_fp_status_addr.o ABSOLUTE
    ../../angel/rt.s                         0x00000000   Number         0  rt_fp_status_addr_intlibspace.o ABSOLUTE
    ../../angel/rt.s                         0x00000000   Number         0  aeabi_idiv0.o ABSOLUTE
    ../../angel/rt.s                         0x00000000   Number         0  aeabi_idiv0_sigfpe.o ABSOLUTE
    ../../angel/rt.s                         0x00000000   Number         0  rt_stackheap_storage.o ABSOLUTE
    ../../angel/rt.s                         0x00000000   Number         0  rt_stackheap_storage_intlibspace.o ABSOLUTE
    ../../angel/rt.s                         0x00000000   Number         0  rt_locale_intlibspace.o ABSOLUTE
    ../../angel/rt.s                         0x00000000   Number         0  rt_locale.o ABSOLUTE
    ../../angel/rt.s                         0x00000000   Number         0  rt_div0.o ABSOLUTE
    ../../angel/rt.s                         0x00000000   Number         0  rt_raise.o ABSOLUTE
    ../../angel/scatter.s                    0x00000000   Number         0  __scatter.o ABSOLUTE
    ../../angel/startup.s                    0x00000000   Number         0  __main.o ABSOLUTE
    ../../angel/sys.s                        0x00000000   Number         0  libspace.o ABSOLUTE
    ../../angel/sys.s                        0x00000000   Number         0  sys_exit.o ABSOLUTE
    ../../angel/sys.s                        0x00000000   Number         0  sys_stackheap_outer.o ABSOLUTE
    ../../angel/sys.s                        0x00000000   Number         0  use_no_semi.o ABSOLUTE
    ../../angel/sysapp.c                     0x00000000   Number         0  sys_wrch.o ABSOLUTE
    ../../angel/sysapp.c                     0x00000000   Number         0  sys_command.o ABSOLUTE
    ../../armsys.c                           0x00000000   Number         0  lib_init.o ABSOLUTE
    ../../armsys.c                           0x00000000   Number         0  lib_init.o ABSOLUTE
    ../../armsys.c                           0x00000000   Number         0  _get_argv.o ABSOLUTE
    ../../armsys.c                           0x00000000   Number         0  no_argv.o ABSOLUTE
    ../../division.s                         0x00000000   Number         0  aeabi_sdiv.o ABSOLUTE
    ../../division.s                         0x00000000   Number         0  aeabi_sdiv_div0.o ABSOLUTE
    ../../divrt.s                            0x00000000   Number         0  divrt_7tdmi.o ABSOLUTE
    ../../divrt.s                            0x00000000   Number         0  divrt_7tdmi_div0.o ABSOLUTE
    ../../fpinit.s                           0x00000000   Number         0  fpinit.o ABSOLUTE
    ../../heapalloc.c                        0x00000000   Number         0  hrguard.o ABSOLUTE
    ../../memcpset.s                         0x00000000   Number         0  rt_memcpy_w.o ABSOLUTE
    ../../signal.c                           0x00000000   Number         0  defsig_stak_inner.o ABSOLUTE
    ../../signal.c                           0x00000000   Number         0  defsig_pvfn_inner.o ABSOLUTE
    ../../signal.c                           0x00000000   Number         0  defsig_cppl_inner.o ABSOLUTE
    ../../signal.c                           0x00000000   Number         0  defsig_segv_inner.o ABSOLUTE
    ../../signal.c                           0x00000000   Number         0  defsig_other.o ABSOLUTE
    ../../signal.c                           0x00000000   Number         0  defsig_rtmem_formal.o ABSOLUTE
    ../../signal.c                           0x00000000   Number         0  defsig_fpe_outer.o ABSOLUTE
    ../../signal.c                           0x00000000   Number         0  defsig_fpe_formal.o ABSOLUTE
    ../../signal.c                           0x00000000   Number         0  defsig_exit.o ABSOLUTE
    ../../signal.c                           0x00000000   Number         0  defsig_fpe_inner.o ABSOLUTE
    ../../signal.c                           0x00000000   Number         0  defsig_rtmem_outer.o ABSOLUTE
    ../../signal.c                           0x00000000   Number         0  __raise.o ABSOLUTE
    ../../signal.c                           0x00000000   Number         0  defsig_general.o ABSOLUTE
    ../../signal.c                           0x00000000   Number         0  defsig_abrt_inner.o ABSOLUTE
    ../../signal.c                           0x00000000   Number         0  defsig_rtred_inner.o ABSOLUTE
    ../../signal.c                           0x00000000   Number         0  defsig_rtmem_inner.o ABSOLUTE
    ../../signal.s                           0x00000000   Number         0  defsig.o ABSOLUTE
    ../../stdlib.c                           0x00000000   Number         0  exit.o ABSOLUTE
    ../../stkheap.s                          0x00000000   Number         0  heapext.o ABSOLUTE
    ../../stkheap1.s                         0x00000000   Number         0  stkheap1.o ABSOLUTE
    ../../stkheap2.s                         0x00000000   Number         0  stkheap2.o ABSOLUTE
    ../../string.c                           0x00000000   Number         0  strlen.o ABSOLUTE
    ../../unhosted.s                         0x00000000   Number         0  callvia.o ABSOLUTE
    LPC2300.s                                0x00000000   Number         0  lpc2300.o ABSOLUTE
    aes.c                                    0x00000000   Number         0  aes.o ABSOLUTE
    dc.s                                     0x00000000   Number         0  dc.o ABSOLUTE
    main.c                                   0x00000000   Number         0  main.o ABSOLUTE
    Undef_Handler                            0x00000040   ARM Code       4  lpc2300.o(RESET)
    SWI_Handler                              0x00000044   ARM Code       4  lpc2300.o(RESET)
    PAbt_Handler                             0x00000048   ARM Code       4  lpc2300.o(RESET)
    DAbt_Handler                             0x0000004c   ARM Code       4  lpc2300.o(RESET)
    IRQ_Handler                              0x00000050   ARM Code       4  lpc2300.o(RESET)
    FIQ_Handler                              0x00000054   ARM Code       4  lpc2300.o(RESET)
    !!!main                                  0x00000234   Section        8  __main.o(!!!main)
    !!!scatter                               0x0000023c   Section       60  __scatter.o(!!!scatter)
    !!dczerorl2                              0x00000278   Section       92  __dczerorl2.o(!!dczerorl2)
    _decompress_loop                         0x00000283   Thumb Code     0  __dczerorl2.o(!!dczerorl2)
    _decompress_zerolen                      0x00000291   Thumb Code     0  __dczerorl2.o(!!dczerorl2)
    _decompress_litn                         0x00000299   Thumb Code     0  __dczerorl2.o(!!dczerorl2)
    _decompress_lit                          0x0000029d   Thumb Code     0  __dczerorl2.o(!!dczerorl2)
    _decompress_copyorzero                   0x000002a9   Thumb Code     0  __dczerorl2.o(!!dczerorl2)
    _decompress_zero                         0x000002b1   Thumb Code     0  __dczerorl2.o(!!dczerorl2)
    _decompress_copyn                        0x000002bb   Thumb Code     0  __dczerorl2.o(!!dczerorl2)
    _decompress_copy                         0x000002c3   Thumb Code     0  __dczerorl2.o(!!dczerorl2)
    _decompress_end                          0x000002cf   Thumb Code     0  __dczerorl2.o(!!dczerorl2)
    !!handler_zi                             0x000002d4   Section       44  __scatter_zi.o(!!handler_zi)
    .emb_text                                0x00000304   Section       16  lib_init.o(.emb_text)
    .text                                    0x00000314   Section       32  lpc2300.o(.text)
    .text                                    0x00000334   Section     1024  main.o(.text)
    .text                                    0x00000734   Section     9408  aes.o(.text)
    .text                                    0x00002bf4   Section      100  rt_memcpy_w.o(.text)
    .text                                    0x00002c60   Section       72  strlen.o(.text)
    .text                                    0x00002ca8   Section      384  aeabi_sdiv.o(.text)
    __arm_div8                               0x00002cd4   ARM Code       0  aeabi_sdiv.o(.text)
    __arm_div4                               0x00002d04   ARM Code       0  aeabi_sdiv.o(.text)
    __arm_div_large                          0x00002d58   ARM Code       0  aeabi_sdiv.o(.text)
    .text                                    0x00002e28   Section       64  stkheap2.o(.text)
    .text                                    0x00002e68   Section      104  kernel.o(.text)
    .text                                    0x00002ed0   Section       96  sys_stackheap_outer.o(.text)
    .text                                    0x00002f30   Section       16  rt_stackheap_storage_intlibspace.o(.text)
    .text                                    0x00002f40   Section       24  sys_exit.o(.text)
    .text                                    0x00002f58   Section       12  libspace.o(.text)
    .text                                    0x00002f64   Section       12  exit.o(.text)
    .text                                    0x00002f78   Section      206  lib_init.o(.text)
    .text                                    0x00003048   Section       12  boardinit2.o(.text)
    .text                                    0x00003054   Section       16  boardinit3.o(.text)
    .text                                    0x00003064   Section        4  use_no_semi.o(.text)
    .text                                    0x0000306c   Section       16  rt_locale_intlibspace.o(.text)
    .text                                    0x0000307c   Section        6  no_argv.o(.text)
    .text                                    0x00003084   Section       16  rt_fp_status_addr_intlibspace.o(.text)
    x$fpl$fpinit                             0x000030ac   Section       24  fpinit.o(x$fpl$fpinit)
    .constdata                               0x000030c4   Section       16  main.o(.constdata)
    .constdata                               0x000030d4   Section     2048  aes.o(.constdata)
    .data                                    0x40000000   Section     1020  aes.o(.data)
    .bss                                     0x400003fc   Section      256  aes.o(.bss)
    .bss                                     0x400004fc   Section       96  libspace.o(.bss)
    HEAP                                     0x40000560   Number         0  lpc2300.o(HEAP)
    STACK                                    0x40000560   Section     1288  lpc2300.o(STACK)
    Heap_Mem                                 0x40000560   Number         0  lpc2300.o(HEAP)
    Stack_Mem                                0x40000560   Data        1024  lpc2300.o(STACK)
    Stack_Top                                0x40000a68   Number         0  lpc2300.o(STACK)

    Global Symbols

    Symbol Name                              Value     Ov Type        Size  Object(Section)

    BuildAttributes$$THM_ISAv1$ARM_ISAv4$M$S$PE$A:L22$X:L11$S22$IEEE1$IW$USESV6$~STKCKD$USESV7$~SHL$OSPACE$EBA8$STANDARDLIB$REQ8$EABIv2 0x00000000   Number         0  anon$$obj.o ABSOLUTE
    __ARM_use_no_argv                        0x00000000   Number         0  main.o ABSOLUTE
    __ARM_exceptions_init                     - Undefined Weak Reference
    __Heap_DescSize                           - Undefined Weak Reference
    __alloca_initialize                       - Undefined Weak Reference
    __cpp_initialize__aeabi_                  - Undefined Weak Reference
    __cxa_finalize                            - Undefined Weak Reference
    __sigvec_lookup                           - Undefined Weak Reference
    __user_heap_extend                        - Undefined Weak Reference
    _atexit_init                              - Undefined Weak Reference
    _call_atexit_fns                          - Undefined Weak Reference
    _clock_init                               - Undefined Weak Reference
    _fp_trap_init                             - Undefined Weak Reference
    _get_lc_collate                           - Undefined Weak Reference
    _get_lc_ctype                             - Undefined Weak Reference
    _get_lc_monetary                          - Undefined Weak Reference
    _get_lc_numeric                           - Undefined Weak Reference
    _get_lc_time                              - Undefined Weak Reference
    _getenv_init                              - Undefined Weak Reference
    _handle_redirection                       - Undefined Weak Reference
    _init_alloc                               - Undefined Weak Reference
    _init_user_alloc                          - Undefined Weak Reference
    _initio                                   - Undefined Weak Reference
    _rand_init                                - Undefined Weak Reference
    _signal_init                              - Undefined Weak Reference
    _terminate_user_alloc                     - Undefined Weak Reference
    _terminateio                              - Undefined Weak Reference
    Reset_Handler                            0x00000058   ARM Code       0  lpc2300.o(RESET)
    __main                                   0x00000234   ARM Code       8  __main.o(!!!main)
    __scatterload                            0x0000023c   ARM Code       0  __scatter.o(!!!scatter)
    __scatterload_rt2                        0x0000023c   ARM Code      52  __scatter.o(!!!scatter)
    __scatterload_null                       0x00000250   ARM Code       0  __scatter.o(!!!scatter)
    __decompress                             0x00000278   ARM Code      92  __dczerorl2.o(!!dczerorl2)
    __decompress1                            0x00000278   ARM Code       0  __dczerorl2.o(!!dczerorl2)
    __scatterload_zeroinit                   0x000002d4   ARM Code      44  __scatter_zi.o(!!handler_zi)
    Inline Thumb to ARM Veneer to __ARM_argv_veneer 0x00000301   Thumb Code     0  lib_init.o(.emb_text)
    __ARM_argv_veneer                        0x00000304   ARM Code      16  lib_init.o(.emb_text)
    __user_initial_stackheap                 0x00000314   ARM Code       0  lpc2300.o(.text)
    InitUART1                                0x00000334   ARM Code      76  main.o(.text)
    GetKey                                   0x00000380   ARM Code      32  main.o(.text)
    SendKey                                  0x000003a0   ARM Code      32  main.o(.text)
    SendString                               0x000003c0   ARM Code      56  main.o(.text)
    SendEnter                                0x000003f8   ARM Code      28  main.o(.text)
    SendStringFromNum                        0x00000414   ARM Code     156  main.o(.text)
    GetNumFromString                         0x000004b0   ARM Code     132  main.o(.text)
    main                                     0x00000534   ARM Code     380  main.o(.text)
    getSBoxValue                             0x00000734   ARM Code      48  aes.o(.text)
    KeyExpansion                             0x00000764   ARM Code     596  aes.o(.text)
    AddRoundKey                              0x000009b8   ARM Code      92  aes.o(.text)
    SubBytes                                 0x00000a14   ARM Code      80  aes.o(.text)
    ShiftRows                                0x00000a64   ARM Code     140  aes.o(.text)
    MixColumns                               0x00000af0   ARM Code     344  aes.o(.text)
    Cipher                                   0x00000c48   ARM Code     212  aes.o(.text)
    getSBoxInvert                            0x00000d1c   ARM Code      48  aes.o(.text)
    InvSubBytes                              0x00000d4c   ARM Code      80  aes.o(.text)
    InvShiftRows                             0x00000d9c   ARM Code     140  aes.o(.text)
    InvMixColumns                            0x00000e28   ARM Code    7408  aes.o(.text)
    InvCipher                                0x00002b18   ARM Code     212  aes.o(.text)
    __aeabi_memcpy4                          0x00002bf4   ARM Code       0  rt_memcpy_w.o(.text)
    __aeabi_memcpy8                          0x00002bf4   ARM Code       0  rt_memcpy_w.o(.text)
    __rt_memcpy_w                            0x00002bf4   ARM Code     100  rt_memcpy_w.o(.text)
    _memcpy_lastbytes_aligned                0x00002c40   ARM Code       0  rt_memcpy_w.o(.text)
    Inline ARM to Thumb Veneer to strlen     0x00002c58   ARM Code       0  strlen.o(.text)
    strlen                                   0x00002c61   Thumb Code    68  strlen.o(.text)
    __aeabi_idiv                             0x00002ca8   ARM Code       0  aeabi_sdiv.o(.text)
    __aeabi_idivmod                          0x00002ca8   ARM Code     384  aeabi_sdiv.o(.text)
    __use_two_region_memory                  0x00002e28   ARM Code       4  stkheap2.o(.text)
    __rt_stackheap_init                      0x00002e2c   ARM Code      36  stkheap2.o(.text)
    __rt_heap_extend                         0x00002e50   ARM Code      24  stkheap2.o(.text)
    __rt_entry                               0x00002e68   ARM Code      76  kernel.o(.text)
    __rt_exit                                0x00002eb4   ARM Code      20  kernel.o(.text)
    __rt_abort                               0x00002ec8   ARM Code       8  kernel.o(.text)
    __user_setup_stackheap                   0x00002ed0   ARM Code      96  sys_stackheap_outer.o(.text)
    __rt_stackheap_storage                   0x00002f30   ARM Code      12  rt_stackheap_storage_intlibspace.o(.text)
    _sys_exit                                0x00002f40   ARM Code      20  sys_exit.o(.text)
    __user_libspace                          0x00002f58   ARM Code       8  libspace.o(.text)
    __user_perproc_libspace                  0x00002f58   ARM Code       0  libspace.o(.text)
    __user_perthread_libspace                0x00002f58   ARM Code       0  libspace.o(.text)
    exit                                     0x00002f65   Thumb Code    12  exit.o(.text)
    Inline ARM to Thumb Veneer to __rt_lib_init 0x00002f70   ARM Code       0  lib_init.o(.text)
    __rt_lib_init                            0x00002f79   Thumb Code   184  lib_init.o(.text)
    __rt_lib_shutdown                        0x00003031   Thumb Code    22  lib_init.o(.text)
    _platform_post_stackheap_init            0x00003048   ARM Code      12  boardinit2.o(.text)
    _platform_post_lib_init                  0x00003054   ARM Code      16  boardinit3.o(.text)
    __I_use_semihosting                      0x00003064   ARM Code       0  use_no_semi.o(.text)
    __use_no_semihosting_swi                 0x00003064   ARM Code       4  use_no_semi.o(.text)
    Inline Thumb to ARM Veneer to __rt_locale 0x00003069   Thumb Code     0  rt_locale_intlibspace.o(.text)
    __rt_locale                              0x0000306c   ARM Code      12  rt_locale_intlibspace.o(.text)
    __ARM_get_argv                           0x0000307d   Thumb Code     6  no_argv.o(.text)
    __rt_fp_status_addr                      0x00003084   ARM Code      12  rt_fp_status_addr_intlibspace.o(.text)
    Long ARM to Thumb Veneer to __rt_lib_shutdown 0x00003094   ARM Code       0  anon$$obj.o(Veneer$$Code)
    Short Thumb to ARM Veneer to __rt_exit   0x000030a1   Thumb Code     0  anon$$obj.o(Veneer$$Code)
    Inline Thumb to ARM Veneer to _fp_init   0x000030a9   Thumb Code     0  fpinit.o(x$fpl$fpinit)
    _fp_init                                 0x000030ac   ARM Code      24  fpinit.o(x$fpl$fpinit)
    __fplib_config_pureend_doubles           0x000030bc   ARM Code       0  fpinit.o(x$fpl$fpinit)
    Region$$Table$$Base                      0x000038d4   Number         0  anon$$obj.o(Region$$Table)
    Region$$Table$$Limit                     0x000038f4   Number         0  anon$$obj.o(Region$$Table)
    Rcon                                     0x40000000   Data        1020  aes.o(.data)
    state                                    0x400003fc   Data          16  aes.o(.bss)
    RoundKey                                 0x4000040c   Data         240  aes.o(.bss)
    __libspace_start                         0x400004fc   Data          96  libspace.o(.bss)
    __temporary_stack_top_libspace           0x4000055c   Number         0  libspace.o(.bss)


================================================================================

Memory Map of the image

  Image Entry point : 0x00000234

  Load Region LR_IROM1 (Base: 0x00000000, Size: 0x00003cf0, Max: 0x00080000, ABSOLUTE, COMPRESSED[0x00003968])

    Execution Region ER_IROM1 (Base: 0x00000000, Size: 0x000038f4, Max: 0x00080000, ABSOLUTE)

    Base Addr    Size         Type   Attr      Idx    E Section Name        Object

    0x00000000   0x00000234   Code   RO            3    RESET               lpc2300.o
    0x00000234   0x00000008   Code   RO           74  * !!!main             __main.o(c_t.l)
    0x0000023c   0x0000003c   Code   RO          181    !!!scatter          __scatter.o(c_t.l)
    0x00000278   0x0000005c   Code   RO          179    !!dczerorl2         __dczerorl2.o(c_t.l)
    0x000002d4   0x0000002c   Code   RO          183    !!handler_zi        __scatter_zi.o(c_t.l)
    0x00000300   0x00000004   Ven    RO          101    .emb_text           lib_init.o(c_t.l)
    0x00000304   0x00000010   Code   RO          101    .emb_text           lib_init.o(c_t.l)
    0x00000314   0x00000020   Code   RO            4    .text               lpc2300.o
    0x00000334   0x00000400   Code   RO           12    .text               main.o
    0x00000734   0x000024c0   Code   RO           35    .text               aes.o
    0x00002bf4   0x00000064   Code   RO           52    .text               rt_memcpy_w.o(c_t.l)
    0x00002c58   0x00000008   Ven    RO           54    .text               strlen.o(c_t.l)
    0x00002c60   0x00000048   Code   RO           54    .text               strlen.o(c_t.l)
    0x00002ca8   0x00000180   Code   RO           56    .text               aeabi_sdiv.o(c_t.l)
    0x00002e28   0x00000040   Code   RO           72    .text               stkheap2.o(c_t.l)
    0x00002e68   0x00000068   Code   RO           76    .text               kernel.o(c_t.l)
    0x00002ed0   0x00000060   Code   RO           79    .text               sys_stackheap_outer.o(c_t.l)
    0x00002f30   0x00000010   Code   RO           88    .text               rt_stackheap_storage_intlibspace.o(c_t.l)
    0x00002f40   0x00000018   Code   RO           90    .text               sys_exit.o(c_t.l)
    0x00002f58   0x0000000c   Code   RO           92    .text               libspace.o(c_t.l)
    0x00002f64   0x0000000c   Code   RO           97    .text               exit.o(c_t.l)
    0x00002f70   0x00000008   Ven    RO          102    .text               lib_init.o(c_t.l)
    0x00002f78   0x000000ce   Code   RO          102    .text               lib_init.o(c_t.l)
    0x00003046   0x00000002   PAD
    0x00003048   0x0000000c   Code   RO          107    .text               boardinit2.o(c_t.l)
    0x00003054   0x00000010   Code   RO          109    .text               boardinit3.o(c_t.l)
    0x00003064   0x00000004   Code   RO          113    .text               use_no_semi.o(c_t.l)
    0x00003068   0x00000004   Ven    RO          118    .text               rt_locale_intlibspace.o(c_t.l)
    0x0000306c   0x00000010   Code   RO          118    .text               rt_locale_intlibspace.o(c_t.l)
    0x0000307c   0x00000006   Code   RO          128    .text               no_argv.o(c_t.l)
    0x00003082   0x00000002   PAD
    0x00003084   0x00000010   Code   RO          139    .text               rt_fp_status_addr_intlibspace.o(c_t.l)
    0x00003094   0x0000000c   Ven    RO          190    Veneer$$Code        anon$$obj.o
    0x000030a0   0x00000008   Ven    RO          191    Veneer$$Code        anon$$obj.o
    0x000030a8   0x00000004   Ven    RO          130    x$fpl$fpinit        fpinit.o(fz_ts.l)
    0x000030ac   0x00000018   Code   RO          130    x$fpl$fpinit        fpinit.o(fz_ts.l)
    0x000030c4   0x00000010   Data   RO           13    .constdata          main.o
    0x000030d4   0x00000800   Data   RO           37    .constdata          aes.o
    0x000038d4   0x00000020   Data   RO          178    Region$$Table       anon$$obj.o


    Execution Region RW_IRAM1 (Base: 0x40000000, Size: 0x00000a68, Max: 0x00008000, ABSOLUTE, COMPRESSED[0x00000074])

    Base Addr    Size         Type   Attr      Idx    E Section Name        Object

    0x40000000   0x000003fc   Data   RW           36    .data               aes.o
    0x400003fc   0x00000100   Zero   RW           38    .bss                aes.o
    0x400004fc   0x00000060   Zero   RW           93    .bss                libspace.o(c_t.l)
    0x4000055c   0x00000004   PAD
    0x40000560   0x00000000   Zero   RW            2    HEAP                lpc2300.o
    0x40000560   0x00000508   Zero   RW            1    STACK               lpc2300.o


================================================================================

Image component sizes


      Code (inc. data)   RO Data    RW Data    ZI Data      Debug   Object Name

      9408         40       2048       1020        256       4300   aes.o
       596         92          0          0       1288        512   lpc2300.o
      1024        132         16          0          0       4998   main.o

    ------------------------------------------------------------------------
     11048        268       2096       1020       1544       9812   Object Totals
        20          4         32          0          0          0   (incl. Generated)
         0          0          0          0          0          2   (incl. Padding)

    ------------------------------------------------------------------------

      Code (inc. data)   RO Data    RW Data    ZI Data      Debug   Library Member Name

        92          0          0          0          0          0   __dczerorl2.o
         8          0          0          0          0          0   __main.o
        60          8          0          0          0          0   __scatter.o
        44          0          0          0          0          0   __scatter_zi.o
       384          0          0          0          0          0   aeabi_sdiv.o
        12          0          0          0          0          0   boardinit2.o
        16          0          0          0          0          0   boardinit3.o
        12          0          0          0          0          0   exit.o
        28          0          0          0          0          0   fpinit.o
       104          4          0          0          0          0   kernel.o
       234          4          0          0          0          0   lib_init.o
        12          4          0          0         96          0   libspace.o
         6          0          0          0          0          0   no_argv.o
        16          4          0          0          0          0   rt_fp_status_addr_intlibspace.o
        20          4          0          0          0          0   rt_locale_intlibspace.o
       100          0          0          0          0          0   rt_memcpy_w.o
        16          4          0          0          0          0   rt_stackheap_storage_intlibspace.o
        64          0          0          0          0          0   stkheap2.o
        80          4          0          0          0          0   strlen.o
        24          8          0          0          0          0   sys_exit.o
        96          0          0          0          0          0   sys_stackheap_outer.o
         4          0          0          0          0          0   use_no_semi.o

    ------------------------------------------------------------------------
      1436         44          0          0        100          0   Library Totals
         4          0          0          0          4          0   (incl. Padding)

    ------------------------------------------------------------------------

      Code (inc. data)   RO Data    RW Data    ZI Data      Debug   Library Name

      1404         44          0          0         96          0   c_t.l
        28          0          0          0          0          0   fz_ts.l

    ------------------------------------------------------------------------
      1436         44          0          0        100          0   Library Totals

    ------------------------------------------------------------------------

================================================================================


      Code (inc. data)   RO Data    RW Data    ZI Data      Debug   

     12484        312       2096       1020       1644       9812   Grand Totals
     12484        312       2096        116       1644       9812   ELF Image Totals (compressed)
     12484        312       2096        116          0          0   ROM Totals

================================================================================

    Total RO  Size (Code + RO Data)                14580 (  14.24kB)
    Total RW  Size (RW Data + ZI Data)              2664 (   2.60kB)
    Total ROM Size (Code + RO Data + RW Data)      14696 (  14.35kB)

================================================================================

