ARM Linker, RVCT3.1 [Build 939] for uVision [Standard]

================================================================================

Section Cross References

    lpc2300.o(STACK) refers (Special) to stkheap2.o(.text) for __use_two_region_memory
    lpc2300.o(HEAP) refers (Special) to stkheap2.o(.text) for __use_two_region_memory
    lpc2300.o(RESET) refers to lpc2300.o(STACK) for Stack_Top
    lpc2300.o(RESET) refers to __main.o(!!!main) for __main
    lpc2300.o(RESET) refers (Special) to stkheap2.o(.text) for __use_two_region_memory
    lpc2300.o(.text) refers to lpc2300.o(HEAP) for Heap_Mem
    lpc2300.o(.text) refers to lpc2300.o(STACK) for Stack_Mem
    lpc2300.o(.text) refers (Special) to stkheap2.o(.text) for __use_two_region_memory
    usbcore.o(.text) refers to usbhw.o(.text) for USB_ReadEP
    usbcore.o(.text) refers to usbcore.o(i.USB_GetStatus) for USB_GetStatus
    usbcore.o(.text) refers to usbcore.o(i.USB_SetClrFeature) for USB_SetClrFeature
    usbcore.o(.text) refers to usbcore.o(i.USB_GetDescriptor) for USB_GetDescriptor
    usbcore.o(.text) refers to usbcore.o(i.USB_SetConfiguration) for USB_SetConfiguration
    usbcore.o(.text) refers to usbuser.o(.text) for USB_Configure_Event
    usbcore.o(.text) refers to usbcore.o(i.USB_SetInterface) for USB_SetInterface
    usbcore.o(.text) refers to hiduser.o(.text) for HID_GetReport
    usbcore.o(.text) refers to usbcore.o(.data) for USB_DeviceStatus
    usbcore.o(.text) refers to usbcore.o(.bss) for EP0Buf
    usbhw.o(.text) refers to usbuser.o(.text) for USB_Reset_Event
    usbhw.o(.text) refers to uwrite4.o(.text) for __aeabi_uwrite4
    usbhw.o(.text) refers to uread4.o(.text) for __aeabi_uread4
    usbhw.o(.text) refers to usbuser.o(.constdata) for USB_P_EP
    usbhw.o(.text) refers to usbcore.o(.data) for USB_DeviceStatus
    usbuser.o(.text) refers to usbcore.o(.text) for USB_ResetCore
    usbuser.o(.text) refers to demo.o(.text) for GetInReport
    usbuser.o(.text) refers to usbhw.o(.text) for USB_WriteEP
    usbuser.o(.text) refers to usbcore.o(.data) for USB_Configuration
    usbuser.o(.text) refers to demo.o(.data) for InReport
    usbuser.o(.constdata) refers to usbcore.o(.text) for USB_EndPoint0
    usbuser.o(.constdata) refers to usbuser.o(.text) for USB_EndPoint1
    hiduser.o(.text) refers to demo.o(.text) for GetInReport
    hiduser.o(.text) refers to usbcore.o(.data) for SetupPacket
    hiduser.o(.text) refers to demo.o(.data) for InReport
    hiduser.o(.text) refers to usbcore.o(.bss) for EP0Buf
    hiduser.o(.text) refers to hiduser.o(.data) for HID_IdleTime
    demo.o(.text) refers to lcd_4bit.o(.text) for lcd_init
    demo.o(.text) refers to usbhw.o(.text) for USB_Init
    demo.o(.text) refers to demo.o(.data) for InReport
    lcd_4bit.o(.text) refers to lcd_4bit.o(.constdata) for UserFont
    stkheap2.o(.text) refers to sys_stackheap_outer.o(.text) for __user_setup_stackheap
    stkheap2.o(.text) refers to rt_stackheap_storage_intlibspace.o(.text) for __rt_stackheap_storage
    __main.o(!!!main) refers to kernel.o(.text) for __rt_entry
    kernel.o(.text) refers to stkheap2.o(.text) for __rt_stackheap_init
    kernel.o(.text) refers to boardinit2.o(.text) for _platform_post_stackheap_init
    kernel.o(.text) refers to lib_init.o(.text) for __rt_lib_init
    kernel.o(.text) refers to boardinit3.o(.text) for _platform_post_lib_init
    kernel.o(.text) refers to exit.o(.text) for exit
    kernel.o(.text) refers to demo.o(.text) for main
    kernel.o(.text) refers to sys_exit.o(.text) for _sys_exit
    kernel.o(.ARM.exidx) refers to kernel.o(.text) for __rt_entry
    sys_stackheap_outer.o(.text) refers to libspace.o(.text) for __user_perproc_libspace
    sys_stackheap_outer.o(.text) refers to lpc2300.o(.text) for __user_initial_stackheap
    rt_stackheap_storage.o(.text) refers to rt_stackheap_storage.o(.bss) for __rt_stackheap_storage_data
    rt_stackheap_storage_intlibspace.o(.text) refers to libspace.o(.bss) for __libspace_start
    sys_exit.o(.text) refers to use_no_semi.o(.text) for __I_use_semihosting
    libspace.o(.text) refers to libspace.o(.bss) for __libspace_start
    exit.o(.text) refers to kernel.o(.text) for __rt_exit
    stkheap1.o(.text) refers to sys_stackheap_outer.o(.text) for __user_setup_stackheap
    stkheap1.o(.text) refers to rt_stackheap_storage_intlibspace.o(.text) for __rt_stackheap_storage
    lib_init.o(.emb_text) refers to no_argv.o(.text) for __ARM_get_argv
    lib_init.o(.text) refers to fpinit.o(x$fpl$fpinit) for _fp_init
    lib_init.o(.text) refers to lib_init.o(.emb_text) for __ARM_argv_veneer
    lib_init.o(.text) refers to rt_locale_intlibspace.o(.text) for __rt_locale
    rt_locale.o(.text) refers to rt_locale.o(.bss) for __rt_locale_data
    rt_locale_intlibspace.o(.text) refers to libspace.o(.bss) for __libspace_start
    _get_argv.o(.text) refers to heapext.o(.text) for __heap_extend
    _get_argv.o(.text) refers to defsig_rtmem_outer.o(.text) for __rt_SIGRTMEM
    _get_argv.o(.text) refers to sys_command.o(.text) for _sys_command_string
    _get_argv.o(.text) refers (Special) to hrguard.o(.text) for __heap_region_guard
    fpinit.o(x$fpl$fpinit) refers to rt_fp_status_addr_intlibspace.o(.text) for __rt_fp_status_addr
    sys_command.o(.text) refers (Special) to use_no_semi.o(.text) for __I_use_semihosting
    rt_fp_status_addr.o(.text) refers to rt_fp_status_addr.o(.bss) for __rt_fp_status_addr_data
    rt_fp_status_addr_intlibspace.o(.text) refers to libspace.o(.bss) for __libspace_start
    defsig_rtmem_outer.o(.text) refers to defsig_rtmem_inner.o(.text) for __rt_SIGRTMEM_inner
    defsig_rtmem_outer.o(.text) refers to defsig_exit.o(.text) for __sig_exit
    defsig_rtmem_formal.o(.text) refers to rt_raise.o(.text) for __rt_raise
    heapext.o(.text) refers to stkheap2.o(.text) for __rt_heap_extend
    rt_raise.o(.text) refers to __raise.o(.text) for __raise
    rt_raise.o(.text) refers to sys_exit.o(.text) for _sys_exit
    defsig.o(CL$$defsig) refers to defsig_rtmem_inner.o(.text) for __rt_SIGRTMEM_inner
    defsig_exit.o(.text) refers to sys_exit.o(.text) for _sys_exit
    defsig_rtmem_inner.o(.text) refers to defsig_general.o(.text) for __default_signal_display
    __raise.o(.text) refers to defsig.o(CL$$defsig) for __default_signal_handler
    __raise.o(.text) refers to callvia.o(.text) for __ARM_call_via_r2
    defsig_general.o(.text) refers to sys_wrch.o(.text) for _ttywrch
    defsig_abrt_inner.o(.text) refers to defsig_general.o(.text) for __default_signal_display
    defsig_fpe_inner.o(.text) refers to defsig_general.o(.text) for __default_signal_display
    defsig_rtred_inner.o(.text) refers to defsig_general.o(.text) for __default_signal_display
    defsig_stak_inner.o(.text) refers to defsig_general.o(.text) for __default_signal_display
    defsig_pvfn_inner.o(.text) refers to defsig_general.o(.text) for __default_signal_display
    defsig_cppl_inner.o(.text) refers to defsig_general.o(.text) for __default_signal_display
    defsig_segv_inner.o(.text) refers to defsig_general.o(.text) for __default_signal_display
    defsig_other.o(.text) refers to defsig_general.o(.text) for __default_signal_display
    sys_wrch.o(.text) refers (Special) to use_no_semi.o(.text) for __I_use_semihosting
    usbcore.o(i.USB_GetStatus) refers to usbcore.o(.text) for USB_DataInStage
    usbcore.o(i.USB_GetStatus) refers to usbcore.o(.data) for SetupPacket
    usbcore.o(i.USB_GetStatus) refers to usbcore.o(.bss) for EP0Buf
    usbcore.o(i.USB_SetClrFeature) refers to usbhw.o(.text) for USB_WakeUpCfg
    usbcore.o(i.USB_SetClrFeature) refers to usbcore.o(.data) for SetupPacket
    usbcore.o(i.USB_GetDescriptor) refers to usbcore.o(.text) for USB_DataInStage
    usbcore.o(i.USB_GetDescriptor) refers to usbcore.o(.data) for SetupPacket
    usbcore.o(i.USB_GetDescriptor) refers to usbdesc.o(.constdata) for USB_DeviceDescriptor
    usbcore.o(i.USB_SetConfiguration) refers to usbhw.o(.text) for USB_DisableEP
    usbcore.o(i.USB_SetConfiguration) refers to usbcore.o(.data) for SetupPacket
    usbcore.o(i.USB_SetConfiguration) refers to usbdesc.o(.constdata) for USB_ConfigDescriptor
    usbcore.o(i.USB_SetInterface) refers to usbhw.o(.text) for USB_ConfigEP
    usbcore.o(i.USB_SetInterface) refers to usbcore.o(.data) for USB_Configuration
    usbcore.o(i.USB_SetInterface) refers to usbdesc.o(.constdata) for USB_ConfigDescriptor


================================================================================

Adding Veneers to the image

    Adding TA veneer (8 bytes, Short) for call to '__rt_exit' from exit.o(.text).
    Adding AT veneer (12 bytes, Long) for call to '__rt_lib_shutdown' from kernel.o(.text).
    Adding TA veneer (4 bytes, Inline) for call to '_fp_init' from lib_init.o(.text).
    Adding TA veneer (4 bytes, Inline) for call to '__rt_locale' from lib_init.o(.text).
    Adding AT veneer (8 bytes, Inline) for call to '__rt_lib_init' from kernel.o(.text).
    Adding TA veneer (4 bytes, Inline) for call to '__ARM_argv_veneer' from lib_init.o(.text).

6 Veneer(s) (total 40 bytes) added to the image.

================================================================================

Image Symbol Table

    Local Symbols

    Symbol Name                              Value     Ov Type        Size  Object(Section)

    RESET                                    0x00000000   Section      364  lpc2300.o(RESET)
    ../../angel/boardlib.s                   0x00000000   Number         0  cpuinit.o ABSOLUTE
    ../../angel/boardlib.s                   0x00000000   Number         0  boardinit1.o ABSOLUTE
    ../../angel/boardlib.s                   0x00000000   Number         0  boardinit2.o ABSOLUTE
    ../../angel/boardlib.s                   0x00000000   Number         0  boardinit3.o ABSOLUTE
    ../../angel/boardlib.s                   0x00000000   Number         0  boardshut.o ABSOLUTE
    ../../angel/handlers.s                   0x00000000   Number         0  __scatter_zi.o ABSOLUTE
    ../../angel/handlers.s                   0x00000000   Number         0  __scatter_copy.o ABSOLUTE
    ../../angel/kernel.s                     0x00000000   Number         0  kernel.o ABSOLUTE
    ../../angel/rt.s                         0x00000000   Number         0  rt_locale_intlibspace.o ABSOLUTE
    ../../angel/rt.s                         0x00000000   Number         0  rt_stackheap_storage_intlibspace.o ABSOLUTE
    ../../angel/rt.s                         0x00000000   Number         0  rt_stackheap_storage.o ABSOLUTE
    ../../angel/rt.s                         0x00000000   Number         0  rt_fp_status_addr_intlibspace.o ABSOLUTE
    ../../angel/rt.s                         0x00000000   Number         0  rt_fp_status_addr.o ABSOLUTE
    ../../angel/rt.s                         0x00000000   Number         0  rt_raise.o ABSOLUTE
    ../../angel/rt.s                         0x00000000   Number         0  rt_locale.o ABSOLUTE
    ../../angel/scatter.s                    0x00000000   Number         0  __scatter.o ABSOLUTE
    ../../angel/startup.s                    0x00000000   Number         0  __main.o ABSOLUTE
    ../../angel/sys.s                        0x00000000   Number         0  libspace.o ABSOLUTE
    ../../angel/sys.s                        0x00000000   Number         0  sys_stackheap_outer.o ABSOLUTE
    ../../angel/sys.s                        0x00000000   Number         0  sys_exit.o ABSOLUTE
    ../../angel/sys.s                        0x00000000   Number         0  use_no_semi.o ABSOLUTE
    ../../angel/sysapp.c                     0x00000000   Number         0  sys_wrch.o ABSOLUTE
    ../../angel/sysapp.c                     0x00000000   Number         0  sys_command.o ABSOLUTE
    ../../armsys.c                           0x00000000   Number         0  _get_argv.o ABSOLUTE
    ../../armsys.c                           0x00000000   Number         0  no_argv.o ABSOLUTE
    ../../armsys.c                           0x00000000   Number         0  lib_init.o ABSOLUTE
    ../../armsys.c                           0x00000000   Number         0  lib_init.o ABSOLUTE
    ../../fpinit.s                           0x00000000   Number         0  fpinit.o ABSOLUTE
    ../../heapalloc.c                        0x00000000   Number         0  hrguard.o ABSOLUTE
    ../../signal.c                           0x00000000   Number         0  defsig_fpe_inner.o ABSOLUTE
    ../../signal.c                           0x00000000   Number         0  defsig_other.o ABSOLUTE
    ../../signal.c                           0x00000000   Number         0  defsig_segv_inner.o ABSOLUTE
    ../../signal.c                           0x00000000   Number         0  defsig_cppl_inner.o ABSOLUTE
    ../../signal.c                           0x00000000   Number         0  defsig_rtmem_outer.o ABSOLUTE
    ../../signal.c                           0x00000000   Number         0  defsig_rtmem_formal.o ABSOLUTE
    ../../signal.c                           0x00000000   Number         0  defsig_exit.o ABSOLUTE
    ../../signal.c                           0x00000000   Number         0  defsig_rtmem_inner.o ABSOLUTE
    ../../signal.c                           0x00000000   Number         0  __raise.o ABSOLUTE
    ../../signal.c                           0x00000000   Number         0  defsig_general.o ABSOLUTE
    ../../signal.c                           0x00000000   Number         0  defsig_abrt_inner.o ABSOLUTE
    ../../signal.c                           0x00000000   Number         0  defsig_rtred_inner.o ABSOLUTE
    ../../signal.c                           0x00000000   Number         0  defsig_stak_inner.o ABSOLUTE
    ../../signal.c                           0x00000000   Number         0  defsig_pvfn_inner.o ABSOLUTE
    ../../signal.s                           0x00000000   Number         0  defsig.o ABSOLUTE
    ../../stdlib.c                           0x00000000   Number         0  exit.o ABSOLUTE
    ../../stkheap.s                          0x00000000   Number         0  heapext.o ABSOLUTE
    ../../stkheap1.s                         0x00000000   Number         0  stkheap1.o ABSOLUTE
    ../../stkheap2.s                         0x00000000   Number         0  stkheap2.o ABSOLUTE
    ../../unhosted.s                         0x00000000   Number         0  uread4.o ABSOLUTE
    ../../unhosted.s                         0x00000000   Number         0  uwrite4.o ABSOLUTE
    ../../unhosted.s                         0x00000000   Number         0  callvia.o ABSOLUTE
    LCD_4bit.c                               0x00000000   Number         0  lcd_4bit.o ABSOLUTE
    LPC2300.s                                0x00000000   Number         0  lpc2300.o ABSOLUTE
    dc.s                                     0x00000000   Number         0  dc.o ABSOLUTE
    demo.c                                   0x00000000   Number         0  demo.o ABSOLUTE
    hiduser.c                                0x00000000   Number         0  hiduser.o ABSOLUTE
    usbcore.c                                0x00000000   Number         0  usbcore.o ABSOLUTE
    usbdesc.c                                0x00000000   Number         0  usbdesc.o ABSOLUTE
    usbhw.c                                  0x00000000   Number         0  usbhw.o ABSOLUTE
    usbuser.c                                0x00000000   Number         0  usbuser.o ABSOLUTE
    Undef_Handler                            0x00000040   ARM Code       4  lpc2300.o(RESET)
    SWI_Handler                              0x00000044   ARM Code       4  lpc2300.o(RESET)
    PAbt_Handler                             0x00000048   ARM Code       4  lpc2300.o(RESET)
    DAbt_Handler                             0x0000004c   ARM Code       4  lpc2300.o(RESET)
    IRQ_Handler                              0x00000050   ARM Code       4  lpc2300.o(RESET)
    FIQ_Handler                              0x00000054   ARM Code       4  lpc2300.o(RESET)
    !!!main                                  0x0000016c   Section        8  __main.o(!!!main)
    !!!scatter                               0x00000174   Section       60  __scatter.o(!!!scatter)
    !!handler_copy                           0x000001b0   Section       40  __scatter_copy.o(!!handler_copy)
    !!handler_zi                             0x000001d8   Section       44  __scatter_zi.o(!!handler_zi)
    .emb_text                                0x00000208   Section       16  lib_init.o(.emb_text)
    .text                                    0x00000218   Section       32  lpc2300.o(.text)
    .text                                    0x00000238   Section     1840  usbcore.o(.text)
    .text                                    0x00000968   Section     1948  usbhw.o(.text)
    .text                                    0x00001104   Section      184  usbuser.o(.text)
    .text                                    0x000011bc   Section      352  hiduser.o(.text)
    .text                                    0x0000131c   Section      216  demo.o(.text)
    .text                                    0x000013f4   Section      764  lcd_4bit.o(.text)
    delay                                    0x000013f4   ARM Code      24  lcd_4bit.o(.text)
    lcd_read_status                          0x0000140c   ARM Code     188  lcd_4bit.o(.text)
    wait_while_busy                          0x000014c8   ARM Code      36  lcd_4bit.o(.text)
    lcd_write_data                           0x00001570   ARM Code      48  lcd_4bit.o(.text)
    .text                                    0x000016f0   Section       32  uread4.o(.text)
    .text                                    0x00001710   Section       32  uwrite4.o(.text)
    .text                                    0x00001730   Section       64  stkheap2.o(.text)
    .text                                    0x00001770   Section      104  kernel.o(.text)
    .text                                    0x000017d8   Section       96  sys_stackheap_outer.o(.text)
    .text                                    0x00001838   Section       16  rt_stackheap_storage_intlibspace.o(.text)
    .text                                    0x00001848   Section       24  sys_exit.o(.text)
    .text                                    0x00001860   Section       12  libspace.o(.text)
    .text                                    0x0000186c   Section       12  exit.o(.text)
    .text                                    0x00001880   Section      206  lib_init.o(.text)
    .text                                    0x00001950   Section       12  boardinit2.o(.text)
    .text                                    0x0000195c   Section       16  boardinit3.o(.text)
    .text                                    0x0000196c   Section        4  use_no_semi.o(.text)
    .text                                    0x00001974   Section       16  rt_locale_intlibspace.o(.text)
    .text                                    0x00001984   Section        6  no_argv.o(.text)
    .text                                    0x0000198c   Section       16  rt_fp_status_addr_intlibspace.o(.text)
    i.USB_GetDescriptor                      0x000019b0   Section      528  usbcore.o(i.USB_GetDescriptor)
    i.USB_GetStatus                          0x00001bc0   Section      388  usbcore.o(i.USB_GetStatus)
    i.USB_SetClrFeature                      0x00001d44   Section      408  usbcore.o(i.USB_SetClrFeature)
    i.USB_SetConfiguration                   0x00001edc   Section      680  usbcore.o(i.USB_SetConfiguration)
    i.USB_SetInterface                       0x00002184   Section      476  usbcore.o(i.USB_SetInterface)
    x$fpl$fpinit                             0x00002364   Section       24  fpinit.o(x$fpl$fpinit)
    .constdata                               0x0000237c   Section      199  usbdesc.o(.constdata)
    .constdata                               0x00002444   Section       64  usbuser.o(.constdata)
    .constdata                               0x00002484   Section       64  lcd_4bit.o(.constdata)
    .data                                    0x40000000   Section       36  usbcore.o(.data)
    .data                                    0x40000024   Section        2  hiduser.o(.data)
    .data                                    0x40000026   Section        2  demo.o(.data)
    .bss                                     0x40000028   Section       64  usbcore.o(.bss)
    .bss                                     0x40000068   Section       96  libspace.o(.bss)
    HEAP                                     0x400000c8   Number         0  lpc2300.o(HEAP)
    STACK                                    0x400000c8   Section     1288  lpc2300.o(STACK)
    Heap_Mem                                 0x400000c8   Number         0  lpc2300.o(HEAP)
    Stack_Mem                                0x400000c8   Data        1024  lpc2300.o(STACK)
    Stack_Top                                0x400005d0   Number         0  lpc2300.o(STACK)

    Global Symbols

    Symbol Name                              Value     Ov Type        Size  Object(Section)

    BuildAttributes$$THM_ISAv1$ARM_ISAv4$M$S$PE$A:L22$X:L11$S22$IEEE1$IW$USESV6$~STKCKD$USESV7$~SHL$OSPACE$EBA8$STANDARDLIB$REQ8$EABIv2 0x00000000   Number         0  anon$$obj.o ABSOLUTE
    __ARM_use_no_argv                        0x00000000   Number         0  demo.o ABSOLUTE
    __ARM_exceptions_init                     - Undefined Weak Reference
    __Heap_DescSize                           - Undefined Weak Reference
    __alloca_initialize                       - Undefined Weak Reference
    __cpp_initialize__aeabi_                  - Undefined Weak Reference
    __cxa_finalize                            - Undefined Weak Reference
    __sigvec_lookup                           - Undefined Weak Reference
    __user_heap_extend                        - Undefined Weak Reference
    _atexit_init                              - Undefined Weak Reference
    _call_atexit_fns                          - Undefined Weak Reference
    _clock_init                               - Undefined Weak Reference
    _fp_trap_init                             - Undefined Weak Reference
    _get_lc_collate                           - Undefined Weak Reference
    _get_lc_ctype                             - Undefined Weak Reference
    _get_lc_monetary                          - Undefined Weak Reference
    _get_lc_numeric                           - Undefined Weak Reference
    _get_lc_time                              - Undefined Weak Reference
    _getenv_init                              - Undefined Weak Reference
    _handle_redirection                       - Undefined Weak Reference
    _init_alloc                               - Undefined Weak Reference
    _init_user_alloc                          - Undefined Weak Reference
    _initio                                   - Undefined Weak Reference
    _rand_init                                - Undefined Weak Reference
    _signal_init                              - Undefined Weak Reference
    _terminate_user_alloc                     - Undefined Weak Reference
    _terminateio                              - Undefined Weak Reference
    Reset_Handler                            0x00000058   ARM Code       0  lpc2300.o(RESET)
    __main                                   0x0000016c   ARM Code       8  __main.o(!!!main)
    __scatterload                            0x00000174   ARM Code       0  __scatter.o(!!!scatter)
    __scatterload_rt2                        0x00000174   ARM Code      52  __scatter.o(!!!scatter)
    __scatterload_null                       0x00000188   ARM Code       0  __scatter.o(!!!scatter)
    __scatterload_copy                       0x000001b0   ARM Code      40  __scatter_copy.o(!!handler_copy)
    __scatterload_zeroinit                   0x000001d8   ARM Code      44  __scatter_zi.o(!!handler_zi)
    Inline Thumb to ARM Veneer to __ARM_argv_veneer 0x00000205   Thumb Code     0  lib_init.o(.emb_text)
    __ARM_argv_veneer                        0x00000208   ARM Code      16  lib_init.o(.emb_text)
    __user_initial_stackheap                 0x00000218   ARM Code       0  lpc2300.o(.text)
    USB_ResetCore                            0x00000238   ARM Code      56  usbcore.o(.text)
    USB_SetupStage                           0x00000270   ARM Code      24  usbcore.o(.text)
    USB_DataInStage                          0x00000288   ARM Code     104  usbcore.o(.text)
    USB_DataOutStage                         0x000002f0   ARM Code      68  usbcore.o(.text)
    USB_StatusInStage                        0x00000334   ARM Code      28  usbcore.o(.text)
    USB_StatusOutStage                       0x00000350   ARM Code      24  usbcore.o(.text)
    USB_EndPoint0                            0x00000368   ARM Code    1492  usbcore.o(.text)
    EPAdr                                    0x00000968   ARM Code      28  usbhw.o(.text)
    WrCmd                                    0x00000984   ARM Code      44  usbhw.o(.text)
    WrCmdDat                                 0x000009b0   ARM Code      84  usbhw.o(.text)
    RdCmdDat                                 0x00000a04   ARM Code      56  usbhw.o(.text)
    USB_SetAddress                           0x00000a3c   ARM Code      56  usbhw.o(.text)
    USB_Reset                                0x00000a74   ARM Code      88  usbhw.o(.text)
    USB_Resume                               0x00000acc   ARM Code       4  usbhw.o(.text)
    USB_Suspend                              0x00000ad0   ARM Code       4  usbhw.o(.text)
    USB_ISR                                  0x00000ad4   ARM Code     388  usbhw.o(.text)
    USB_Init                                 0x00000c58   ARM Code     228  usbhw.o(.text)
    USB_Connect                              0x00000d3c   ARM Code      52  usbhw.o(.text)
    USB_WakeUp                               0x00000d70   ARM Code      40  usbhw.o(.text)
    USB_WakeUpCfg                            0x00000d98   ARM Code       4  usbhw.o(.text)
    USB_Configure                            0x00000d9c   ARM Code      96  usbhw.o(.text)
    USB_ConfigEP                             0x00000dfc   ARM Code     112  usbhw.o(.text)
    USB_DirCtrlEP                            0x00000e6c   ARM Code       4  usbhw.o(.text)
    USB_EnableEP                             0x00000e70   ARM Code      44  usbhw.o(.text)
    USB_DisableEP                            0x00000e9c   ARM Code      44  usbhw.o(.text)
    USB_ResetEP                              0x00000ec8   ARM Code      44  usbhw.o(.text)
    USB_SetStallEP                           0x00000ef4   ARM Code      44  usbhw.o(.text)
    USB_ClrStallEP                           0x00000f20   ARM Code      44  usbhw.o(.text)
    USB_ReadEP                               0x00000f4c   ARM Code     176  usbhw.o(.text)
    USB_WriteEP                              0x00000ffc   ARM Code     144  usbhw.o(.text)
    USB_GetFrame                             0x0000108c   ARM Code      48  usbhw.o(.text)
    USB_Reset_Event                          0x00001104   ARM Code      16  usbuser.o(.text)
    USB_Configure_Event                      0x00001114   ARM Code      48  usbuser.o(.text)
    USB_EndPoint1                            0x00001144   ARM Code      56  usbuser.o(.text)
    USB_EndPoint2                            0x0000117c   ARM Code       4  usbuser.o(.text)
    USB_EndPoint3                            0x00001180   ARM Code       4  usbuser.o(.text)
    USB_EndPoint4                            0x00001184   ARM Code       4  usbuser.o(.text)
    USB_EndPoint5                            0x00001188   ARM Code       4  usbuser.o(.text)
    USB_EndPoint6                            0x0000118c   ARM Code       4  usbuser.o(.text)
    USB_EndPoint7                            0x00001190   ARM Code       4  usbuser.o(.text)
    USB_EndPoint8                            0x00001194   ARM Code       4  usbuser.o(.text)
    USB_EndPoint9                            0x00001198   ARM Code       4  usbuser.o(.text)
    USB_EndPoint10                           0x0000119c   ARM Code       4  usbuser.o(.text)
    USB_EndPoint11                           0x000011a0   ARM Code       4  usbuser.o(.text)
    USB_EndPoint12                           0x000011a4   ARM Code       4  usbuser.o(.text)
    USB_EndPoint13                           0x000011a8   ARM Code       4  usbuser.o(.text)
    USB_EndPoint14                           0x000011ac   ARM Code       4  usbuser.o(.text)
    USB_EndPoint15                           0x000011b0   ARM Code       4  usbuser.o(.text)
    HID_GetReport                            0x000011bc   ARM Code     108  hiduser.o(.text)
    HID_SetReport                            0x00001228   ARM Code     108  hiduser.o(.text)
    HID_GetIdle                              0x00001294   ARM Code      32  hiduser.o(.text)
    HID_SetIdle                              0x000012b4   ARM Code      32  hiduser.o(.text)
    HID_GetProtocol                          0x000012d4   ARM Code      24  hiduser.o(.text)
    HID_SetProtocol                          0x000012ec   ARM Code      24  hiduser.o(.text)
    GetInReport                              0x0000131c   ARM Code      48  demo.o(.text)
    SetOutReport                             0x0000134c   ARM Code      28  demo.o(.text)
    main                                     0x00001368   ARM Code      84  demo.o(.text)
    lcd_write_4bit                           0x000014ec   ARM Code      84  lcd_4bit.o(.text)
    lcd_write_cmd                            0x00001540   ARM Code      48  lcd_4bit.o(.text)
    lcd_putchar                              0x000015a0   ARM Code      24  lcd_4bit.o(.text)
    lcd_init                                 0x000015b8   ARM Code     176  lcd_4bit.o(.text)
    set_cursor                               0x00001668   ARM Code      48  lcd_4bit.o(.text)
    lcd_clear                                0x00001698   ARM Code      32  lcd_4bit.o(.text)
    lcd_print                                0x000016b8   ARM Code      40  lcd_4bit.o(.text)
    __aeabi_uread4                           0x000016f0   ARM Code       0  uread4.o(.text)
    __rt_uread4                              0x000016f0   ARM Code      32  uread4.o(.text)
    __aeabi_uwrite4                          0x00001710   ARM Code       0  uwrite4.o(.text)
    __rt_uwrite4                             0x00001710   ARM Code      32  uwrite4.o(.text)
    __use_two_region_memory                  0x00001730   ARM Code       4  stkheap2.o(.text)
    __rt_stackheap_init                      0x00001734   ARM Code      36  stkheap2.o(.text)
    __rt_heap_extend                         0x00001758   ARM Code      24  stkheap2.o(.text)
    __rt_entry                               0x00001770   ARM Code      76  kernel.o(.text)
    __rt_exit                                0x000017bc   ARM Code      20  kernel.o(.text)
    __rt_abort                               0x000017d0   ARM Code       8  kernel.o(.text)
    __user_setup_stackheap                   0x000017d8   ARM Code      96  sys_stackheap_outer.o(.text)
    __rt_stackheap_storage                   0x00001838   ARM Code      12  rt_stackheap_storage_intlibspace.o(.text)
    _sys_exit                                0x00001848   ARM Code      20  sys_exit.o(.text)
    __user_libspace                          0x00001860   ARM Code       8  libspace.o(.text)
    __user_perproc_libspace                  0x00001860   ARM Code       0  libspace.o(.text)
    __user_perthread_libspace                0x00001860   ARM Code       0  libspace.o(.text)
    exit                                     0x0000186d   Thumb Code    12  exit.o(.text)
    Inline ARM to Thumb Veneer to __rt_lib_init 0x00001878   ARM Code       0  lib_init.o(.text)
    __rt_lib_init                            0x00001881   Thumb Code   184  lib_init.o(.text)
    __rt_lib_shutdown                        0x00001939   Thumb Code    22  lib_init.o(.text)
    _platform_post_stackheap_init            0x00001950   ARM Code      12  boardinit2.o(.text)
    _platform_post_lib_init                  0x0000195c   ARM Code      16  boardinit3.o(.text)
    __I_use_semihosting                      0x0000196c   ARM Code       0  use_no_semi.o(.text)
    __use_no_semihosting_swi                 0x0000196c   ARM Code       4  use_no_semi.o(.text)
    Inline Thumb to ARM Veneer to __rt_locale 0x00001971   Thumb Code     0  rt_locale_intlibspace.o(.text)
    __rt_locale                              0x00001974   ARM Code      12  rt_locale_intlibspace.o(.text)
    __ARM_get_argv                           0x00001985   Thumb Code     6  no_argv.o(.text)
    __rt_fp_status_addr                      0x0000198c   ARM Code      12  rt_fp_status_addr_intlibspace.o(.text)
    Long ARM to Thumb Veneer to __rt_lib_shutdown 0x0000199c   ARM Code       0  anon$$obj.o(Veneer$$Code)
    Short Thumb to ARM Veneer to __rt_exit   0x000019a9   Thumb Code     0  anon$$obj.o(Veneer$$Code)
    USB_GetDescriptor                        0x000019b0   ARM Code     496  usbcore.o(i.USB_GetDescriptor)
    USB_GetStatus                            0x00001bc0   ARM Code     356  usbcore.o(i.USB_GetStatus)
    USB_SetClrFeature                        0x00001d44   ARM Code     388  usbcore.o(i.USB_SetClrFeature)
    USB_SetConfiguration                     0x00001edc   ARM Code     644  usbcore.o(i.USB_SetConfiguration)
    USB_SetInterface                         0x00002184   ARM Code     452  usbcore.o(i.USB_SetInterface)
    Inline Thumb to ARM Veneer to _fp_init   0x00002361   Thumb Code     0  fpinit.o(x$fpl$fpinit)
    _fp_init                                 0x00002364   ARM Code      24  fpinit.o(x$fpl$fpinit)
    __fplib_config_pureend_doubles           0x00002374   ARM Code       0  fpinit.o(x$fpl$fpinit)
    HID_ReportDescriptor                     0x0000237c   Data          44  usbdesc.o(.constdata)
    HID_ReportDescSize                       0x000023a8   Data           2  usbdesc.o(.constdata)
    USB_DeviceDescriptor                     0x000023aa   Data          18  usbdesc.o(.constdata)
    USB_ConfigDescriptor                     0x000023bc   Data          35  usbdesc.o(.constdata)
    USB_StringDescriptor                     0x000023df   Data         100  usbdesc.o(.constdata)
    USB_P_EP                                 0x00002444   Data          64  usbuser.o(.constdata)
    UserFont                                 0x00002484   Data          64  lcd_4bit.o(.constdata)
    Region$$Table$$Base                      0x000024c4   Number         0  anon$$obj.o(Region$$Table)
    Region$$Table$$Limit                     0x000024e4   Number         0  anon$$obj.o(Region$$Table)
    USB_DeviceStatus                         0x40000000   Data           2  usbcore.o(.data)
    USB_DeviceAddress                        0x40000002   Data           1  usbcore.o(.data)
    USB_Configuration                        0x40000003   Data           1  usbcore.o(.data)
    USB_EndPointMask                         0x40000004   Data           4  usbcore.o(.data)
    USB_EndPointHalt                         0x40000008   Data           4  usbcore.o(.data)
    USB_NumInterfaces                        0x4000000c   Data           1  usbcore.o(.data)
    USB_AltSetting                           0x4000000d   Data           4  usbcore.o(.data)
    EP0Data                                  0x40000014   Data           8  usbcore.o(.data)
    SetupPacket                              0x4000001c   Data           8  usbcore.o(.data)
    HID_Protocol                             0x40000024   Data           1  hiduser.o(.data)
    HID_IdleTime                             0x40000025   Data           1  hiduser.o(.data)
    InReport                                 0x40000026   Data           1  demo.o(.data)
    OutReport                                0x40000027   Data           1  demo.o(.data)
    EP0Buf                                   0x40000028   Data          64  usbcore.o(.bss)
    __libspace_start                         0x40000068   Data          96  libspace.o(.bss)
    __temporary_stack_top_libspace           0x400000c8   Data           0  libspace.o(.bss)


================================================================================

Memory Map of the image

  Image Entry point : 0x00000000

  Load Region LR_IROM1 (Base: 0x00000000, Size: 0x0000250c, Max: 0x00080000, ABSOLUTE)

    Execution Region ER_IROM1 (Base: 0x00000000, Size: 0x000024e4, Max: 0x00080000, ABSOLUTE)

    Base Addr    Size         Type   Attr      Idx    E Section Name        Object

    0x00000000   0x0000016c   Code   RO            3  * RESET               lpc2300.o
    0x0000016c   0x00000008   Code   RO          194  * !!!main             __main.o(c_t.l)
    0x00000174   0x0000003c   Code   RO          289    !!!scatter          __scatter.o(c_t.l)
    0x000001b0   0x00000028   Code   RO          291    !!handler_copy      __scatter_copy.o(c_t.l)
    0x000001d8   0x0000002c   Code   RO          293    !!handler_zi        __scatter_zi.o(c_t.l)
    0x00000204   0x00000004   Ven    RO          215    .emb_text           lib_init.o(c_t.l)
    0x00000208   0x00000010   Code   RO          215    .emb_text           lib_init.o(c_t.l)
    0x00000218   0x00000020   Code   RO            4    .text               lpc2300.o
    0x00000238   0x00000730   Code   RO           12    .text               usbcore.o
    0x00000968   0x0000079c   Code   RO           99    .text               usbhw.o
    0x00001104   0x000000b8   Code   RO          121    .text               usbuser.o
    0x000011bc   0x00000160   Code   RO          141    .text               hiduser.o
    0x0000131c   0x000000d8   Code   RO          157    .text               demo.o
    0x000013f4   0x000002fc   Code   RO          173    .text               lcd_4bit.o
    0x000016f0   0x00000020   Code   RO          188    .text               uread4.o(c_t.l)
    0x00001710   0x00000020   Code   RO          190    .text               uwrite4.o(c_t.l)
    0x00001730   0x00000040   Code   RO          192    .text               stkheap2.o(c_t.l)
    0x00001770   0x00000068   Code   RO          196    .text               kernel.o(c_t.l)
    0x000017d8   0x00000060   Code   RO          199    .text               sys_stackheap_outer.o(c_t.l)
    0x00001838   0x00000010   Code   RO          204    .text               rt_stackheap_storage_intlibspace.o(c_t.l)
    0x00001848   0x00000018   Code   RO          206    .text               sys_exit.o(c_t.l)
    0x00001860   0x0000000c   Code   RO          208    .text               libspace.o(c_t.l)
    0x0000186c   0x0000000c   Code   RO          211    .text               exit.o(c_t.l)
    0x00001878   0x00000008   Ven    RO          216    .text               lib_init.o(c_t.l)
    0x00001880   0x000000ce   Code   RO          216    .text               lib_init.o(c_t.l)
    0x0000194e   0x00000002   PAD
    0x00001950   0x0000000c   Code   RO          221    .text               boardinit2.o(c_t.l)
    0x0000195c   0x00000010   Code   RO          223    .text               boardinit3.o(c_t.l)
    0x0000196c   0x00000004   Code   RO          227    .text               use_no_semi.o(c_t.l)
    0x00001970   0x00000004   Ven    RO          232    .text               rt_locale_intlibspace.o(c_t.l)
    0x00001974   0x00000010   Code   RO          232    .text               rt_locale_intlibspace.o(c_t.l)
    0x00001984   0x00000006   Code   RO          238    .text               no_argv.o(c_t.l)
    0x0000198a   0x00000002   PAD
    0x0000198c   0x00000010   Code   RO          247    .text               rt_fp_status_addr_intlibspace.o(c_t.l)
    0x0000199c   0x0000000c   Ven    RO          299    Veneer$$Code        anon$$obj.o
    0x000019a8   0x00000008   Ven    RO          300    Veneer$$Code        anon$$obj.o
    0x000019b0   0x00000210   Code   RO           35    i.USB_GetDescriptor  usbcore.o
    0x00001bc0   0x00000184   Code   RO           23    i.USB_GetStatus     usbcore.o
    0x00001d44   0x00000198   Code   RO           29    i.USB_SetClrFeature  usbcore.o
    0x00001edc   0x000002a8   Code   RO           41    i.USB_SetConfiguration  usbcore.o
    0x00002184   0x000001dc   Code   RO           47    i.USB_SetInterface  usbcore.o
    0x00002360   0x00000004   Ven    RO          240    x$fpl$fpinit        fpinit.o(fz_ts.l)
    0x00002364   0x00000018   Code   RO          240    x$fpl$fpinit        fpinit.o(fz_ts.l)
    0x0000237c   0x000000c7   Data   RO           87    .constdata          usbdesc.o
    0x00002443   0x00000001   PAD
    0x00002444   0x00000040   Data   RO          122    .constdata          usbuser.o
    0x00002484   0x00000040   Data   RO          174    .constdata          lcd_4bit.o
    0x000024c4   0x00000020   Data   RO          288    Region$$Table       anon$$obj.o


    Execution Region RW_IRAM1 (Base: 0x40000000, Size: 0x000005d0, Max: 0x00008000, ABSOLUTE)

    Base Addr    Size         Type   Attr      Idx    E Section Name        Object

    0x40000000   0x00000024   Data   RW           13    .data               usbcore.o
    0x40000024   0x00000002   Data   RW          142    .data               hiduser.o
    0x40000026   0x00000002   Data   RW          158    .data               demo.o
    0x40000028   0x00000040   Zero   RW           14    .bss                usbcore.o
    0x40000068   0x00000060   Zero   RW          209    .bss                libspace.o(c_t.l)
    0x400000c8   0x00000000   Zero   RW            2    HEAP                lpc2300.o
    0x400000c8   0x00000508   Zero   RW            1    STACK               lpc2300.o


================================================================================

Image component sizes


      Code (inc. data)   RO Data    RW Data    ZI Data      Debug   Object Name

       216         56          0          2          0        571   demo.o
       352         24          0          2          0       1460   hiduser.o
       764         16         64          0          0       2864   lcd_4bit.o
       396         60          0          0       1288        456   lpc2300.o
      4320        188          0         36         64      15566   usbcore.o
         0          0        199          0          0        741   usbdesc.o
      1948         72          0          0          0       4632   usbhw.o
       184          8         64          0          0       2659   usbuser.o

    ------------------------------------------------------------------------
      8200        428        360         40       1352      28952   Object Totals
        20          4         32          0          0          0   (incl. Generated)
         0          0          1          0          0          3   (incl. Padding)

    ------------------------------------------------------------------------

      Code (inc. data)   RO Data    RW Data    ZI Data      Debug   Library Member Name

         8          0          0          0          0          0   __main.o
        60          8          0          0          0          0   __scatter.o
        40          0          0          0          0          0   __scatter_copy.o
        44          0          0          0          0          0   __scatter_zi.o
        12          0          0          0          0          0   boardinit2.o
        16          0          0          0          0          0   boardinit3.o
        12          0          0          0          0          0   exit.o
        28          0          0          0          0          0   fpinit.o
       104          4          0          0          0          0   kernel.o
       234          4          0          0          0          0   lib_init.o
        12          4          0          0         96          0   libspace.o
         6          0          0          0          0          0   no_argv.o
        16          4          0          0          0          0   rt_fp_status_addr_intlibspace.o
        20          4          0          0          0          0   rt_locale_intlibspace.o
        16          4          0          0          0          0   rt_stackheap_storage_intlibspace.o
        64          0          0          0          0          0   stkheap2.o
        24          8          0          0          0          0   sys_exit.o
        96          0          0          0          0          0   sys_stackheap_outer.o
        32          0          0          0          0          0   uread4.o
         4          0          0          0          0          0   use_no_semi.o
        32          0          0          0          0          0   uwrite4.o

    ------------------------------------------------------------------------
       884         40          0          0         96          0   Library Totals
         4          0          0          0          0          0   (incl. Padding)

    ------------------------------------------------------------------------

      Code (inc. data)   RO Data    RW Data    ZI Data      Debug   Library Name

       852         40          0          0         96          0   c_t.l
        28          0          0          0          0          0   fz_ts.l

    ------------------------------------------------------------------------
       884         40          0          0         96          0   Library Totals

    ------------------------------------------------------------------------

================================================================================


      Code (inc. data)   RO Data    RW Data    ZI Data      Debug   

      9084        468        360         40       1448      28952   Grand Totals
      9084        468        360         40       1448      28952   ELF Image Totals
      9084        468        360         40          0          0   ROM Totals

================================================================================

    Total RO  Size (Code + RO Data)                 9444 (   9.22kB)
    Total RW  Size (RW Data + ZI Data)              1488 (   1.45kB)
    Total ROM Size (Code + RO Data + RW Data)       9484 (   9.26kB)

================================================================================

