<html>
<body>
<pre>
<h1>µVision3 Build Log</h1>
<h2>Project:</h2>
F:\MDBlue\GoogleCode\WorkingSet\SELAB\Dongle\Source\lpc2368_usbhid\USBHID\HID.uv2
Project File Date:  11/27/2010

<h2>Output:</h2>
Build target 'MCB2300 Board'
assembling LPC2300.s...
compiling usbcore.c...
compiling usbdesc.c...
compiling usbhw.c...
compiling usbuser.c...
compiling hiduser.c...
compiling demo.c...
compiling LCD_4bit.c...
compiling aes.c...
linking...
Program Size: Code=9284 RO-data=404 RW-data=40 ZI-data=1576  
".\Obj\HID.axf" - 0 Error(s), 0 Warning(s).
Build target 'MCB2300 Board'
assembling LPC2300.s...
compiling usbcore.c...
demo.h(24): warning:  #991-D: extra braces are nonstandard
demo.h(24): error:  #67: expected a "}"
demo.h(24): error:  #67: expected a "}"
compiling usbdesc.c...
compiling usbhw.c...
compiling usbuser.c...
demo.h(24): warning:  #991-D: extra braces are nonstandard
demo.h(24): error:  #67: expected a "}"
demo.h(24): error:  #67: expected a "}"
compiling hiduser.c...
demo.h(24): warning:  #991-D: extra braces are nonstandard
demo.h(24): error:  #67: expected a "}"
demo.h(24): error:  #67: expected a "}"
compiling demo.c...
demo.h(24): warning:  #991-D: extra braces are nonstandard
demo.h(24): error:  #67: expected a "}"
demo.h(24): error:  #67: expected a "}"
demo.c(99): warning:  #223-D: function "KeyExpansion" declared implicitly
compiling LCD_4bit.c...
compiling aes.c...
Target not created
Build target 'MCB2300 Board'
compiling usbcore.c...
compiling usbuser.c...
compiling hiduser.c...
compiling demo.c...
linking...
.\Obj\HID.axf: Error: L6200E: Symbol Key multiply defined (by usbcore.o and usbuser.o).
.\Obj\HID.axf: Error: L6200E: Symbol Nr multiply defined (by usbcore.o and usbuser.o).
.\Obj\HID.axf: Error: L6200E: Symbol Nk multiply defined (by usbcore.o and usbuser.o).
Target not created
Build target 'MCB2300 Board'
compiling usbcore.c...
compiling usbuser.c...
compiling hiduser.c...
compiling demo.c...
linking...
Program Size: Code=19320 RO-data=2452 RW-data=1100 ZI-data=1836  
".\Obj\HID.axf" - 0 Error(s), 0 Warning(s).
Build target 'MCB2300 Board'
compiling demo.c...
demo.c(92): error:  #137: expression must be a modifiable lvalue
Target not created
Build target 'MCB2300 Board'
compiling demo.c...
demo.c(97): warning:  #167-D: argument of type "char *" is incompatible with parameter of type "unsigned char *"
demo.c(97): warning:  #167-D: argument of type "char *" is incompatible with parameter of type "unsigned char *"
linking...
Program Size: Code=19428 RO-data=2452 RW-data=1100 ZI-data=1868  
".\Obj\HID.axf" - 0 Error(s), 2 Warning(s).
Build target 'MCB2300 Board'
compiling demo.c...
linking...
Program Size: Code=19428 RO-data=2452 RW-data=1100 ZI-data=1868  
".\Obj\HID.axf" - 0 Error(s), 0 Warning(s).
Build target 'MCB2300 Board'
assembling LPC2300.s...
compiling usbcore.c...
compiling usbdesc.c...
compiling usbhw.c...
compiling usbuser.c...
compiling hiduser.c...
compiling demo.c...
compiling LCD_4bit.c...
compiling aes.c...
linking...
Program Size: Code=19544 RO-data=2452 RW-data=1100 ZI-data=1868  
".\Obj\HID.axf" - 0 Error(s), 0 Warning(s).
Load "F:\\MDBlue\\GoogleCode\\WorkingSet\\SELAB\\Dongle\\Source\\lpc2368_usbhid\\USBHID\\Obj\\HID.AXF" 
Erase Done.
Programming Done.
Verify OK.
Build target 'MCB2300 Board'
assembling LPC2300.s...
compiling usbcore.c...
compiling usbdesc.c...
compiling usbhw.c...
compiling usbuser.c...
compiling hiduser.c...
compiling demo.c...
compiling LCD_4bit.c...
compiling aes.c...
linking...
Program Size: Code=19532 RO-data=2452 RW-data=1100 ZI-data=1868  
".\Obj\HID.axf" - 0 Error(s), 0 Warning(s).
Load "F:\\MDBlue\\GoogleCode\\WorkingSet\\SELAB\\Dongle\\Source\\lpc2368_usbhid\\USBHID\\Obj\\HID.AXF" 
Erase Done.
Programming Done.
Verify OK.
Build target 'MCB2300 Board'
compiling demo.c...
linking...
Program Size: Code=19504 RO-data=2452 RW-data=1100 ZI-data=1868  
".\Obj\HID.axf" - 0 Error(s), 0 Warning(s).
Load "F:\\MDBlue\\GoogleCode\\WorkingSet\\SELAB\\Dongle\\Source\\lpc2368_usbhid\\USBHID\\Obj\\HID.AXF" 
Erase Done.
Programming Done.
Verify OK.
Build target 'MCB2300 Board'
assembling LPC2300.s...
compiling usbcore.c...
compiling usbdesc.c...
compiling usbhw.c...
compiling usbuser.c...
compiling hiduser.c...
compiling demo.c...
compiling LCD_4bit.c...
compiling aes.c...
linking...
Program Size: Code=19532 RO-data=2452 RW-data=1100 ZI-data=1868  
".\Obj\HID.axf" - 0 Error(s), 0 Warning(s).
Load "F:\\MDBlue\\GoogleCode\\WorkingSet\\SELAB\\Dongle\\Source\\lpc2368_usbhid\\USBHID\\Obj\\HID.AXF" 
Erase Done.
Programming Done.
Verify OK.
