<html>
<body>
<pre>
<h1>µVision3 Build Log</h1>
<h2>Project:</h2>
D:\Long\WorkingSet\SELAB\Dongle\Source\lpc2368_usbhid\USBHID\HID.uv2
Project File Date:  11/26/2010

<h2>Output:</h2>
Build target 'MCB2300 Board'
assembling LPC2300.s...
compiling usbcore.c...
compiling usbdesc.c...
compiling usbhw.c...
compiling usbuser.c...
compiling hiduser.c...
compiling demo.c...
compiling LCD_4bit.c...
linking...
Program Size: Code=9380 RO-data=388 RW-data=40 ZI-data=1576  
".\Obj\HID.axf" - 0 Error(s), 0 Warning(s).
Load "D:\\Long\\WorkingSet\\SELAB\\Dongle\\Source\\lpc2368_usbhid\\USBHID\\Obj\\HID.AXF" 
Erase Done.
Programming Done.
Verify OK.
Build target 'MCB2300 Board'
assembling LPC2300.s...
compiling usbcore.c...
usbcore.c(765): error:  #127: expected a statement
usbcore.c(771): warning:  #12-D: parsing restarts here after previous syntax error
usbcore.c(773): error:  #121: a case label may only be used within a switch
usbcore.c(775): error:  #116: a break statement may only be used within a loop or switch
usbcore.c(777): error:  #121: a case label may only be used within a switch
usbcore.c(779): error:  #116: a break statement may only be used within a loop or switch
usbcore.c(782): error:  #169: expected a declaration
compiling usbdesc.c...
compiling usbhw.c...
compiling usbuser.c...
compiling hiduser.c...
compiling demo.c...
compiling LCD_4bit.c...
Target not created
Build target 'MCB2300 Board'
assembling LPC2300.s...
compiling usbcore.c...
compiling usbdesc.c...
compiling usbhw.c...
compiling usbuser.c...
compiling hiduser.c...
compiling demo.c...
compiling LCD_4bit.c...
linking...
Program Size: Code=9284 RO-data=388 RW-data=40 ZI-data=1576  
".\Obj\HID.axf" - 0 Error(s), 0 Warning(s).
Load "D:\\Long\\WorkingSet\\SELAB\\Dongle\\Source\\lpc2368_usbhid\\USBHID\\Obj\\HID.AXF" 
USB Communication Failure
Load "D:\\Long\\WorkingSet\\SELAB\\Dongle\\Source\\lpc2368_usbhid\\USBHID\\Obj\\HID.AXF" 
Erase Done.
Programming Done.
Verify OK.
Build target 'MCB2300 Board'
assembling LPC2300.s...
compiling usbcore.c...
compiling usbdesc.c...
compiling usbhw.c...
compiling usbuser.c...
compiling hiduser.c...
compiling demo.c...
compiling LCD_4bit.c...
linking...
Program Size: Code=9284 RO-data=408 RW-data=40 ZI-data=1576  
".\Obj\HID.axf" - 0 Error(s), 0 Warning(s).
Load "D:\\Long\\WorkingSet\\SELAB\\Dongle\\Source\\lpc2368_usbhid\\USBHID\\Obj\\HID.AXF" 
Erase Done.
Programming Done.
Verify OK.
Build target 'MCB2300 Board'
assembling LPC2300.s...
compiling usbcore.c...
compiling usbdesc.c...
compiling usbhw.c...
compiling usbuser.c...
compiling hiduser.c...
compiling demo.c...
compiling LCD_4bit.c...
linking...
Program Size: Code=9284 RO-data=432 RW-data=40 ZI-data=1576  
".\Obj\HID.axf" - 0 Error(s), 0 Warning(s).
Load "D:\\Long\\WorkingSet\\SELAB\\Dongle\\Source\\lpc2368_usbhid\\USBHID\\Obj\\HID.AXF" 
Erase Done.
Programming Done.
Verify OK.
Build target 'MCB2300 Board'
assembling LPC2300.s...
compiling usbcore.c...
compiling usbdesc.c...
usbdesc.c(54): warning:  #9-D: nested comment is not allowed
usbdesc.c(55): warning:  #9-D: nested comment is not allowed
compiling usbhw.c...
compiling usbuser.c...
compiling hiduser.c...
compiling demo.c...
compiling LCD_4bit.c...
linking...
Program Size: Code=9284 RO-data=388 RW-data=40 ZI-data=1576  
".\Obj\HID.axf" - 0 Error(s), 2 Warning(s).
Load "D:\\Long\\WorkingSet\\SELAB\\Dongle\\Source\\lpc2368_usbhid\\USBHID\\Obj\\HID.AXF" 
Erase Done.
Programming Done.
Verify OK.
Build target 'MCB2300 Board'
assembling LPC2300.s...
compiling usbcore.c...
compiling usbdesc.c...
compiling usbhw.c...
compiling usbuser.c...
compiling hiduser.c...
compiling demo.c...
compiling LCD_4bit.c...
linking...
Program Size: Code=9284 RO-data=412 RW-data=40 ZI-data=1576  
".\Obj\HID.axf" - 0 Error(s), 0 Warning(s).
Build target 'MCB2300 Board'
assembling LPC2300.s...
compiling usbcore.c...
compiling usbdesc.c...
compiling usbhw.c...
compiling usbuser.c...
compiling hiduser.c...
compiling demo.c...
compiling LCD_4bit.c...
linking...
Program Size: Code=9284 RO-data=412 RW-data=40 ZI-data=1576  
".\Obj\HID.axf" - 0 Error(s), 0 Warning(s).
Load "D:\\Long\\WorkingSet\\SELAB\\Dongle\\Source\\lpc2368_usbhid\\USBHID\\Obj\\HID.AXF" 
Erase Done.
Programming Done.
Verify OK.
Build target 'MCB2300 Board'
assembling LPC2300.s...
compiling usbcore.c...
compiling usbdesc.c...
compiling usbhw.c...
compiling usbuser.c...
compiling hiduser.c...
compiling demo.c...
compiling LCD_4bit.c...
linking...
Program Size: Code=9284 RO-data=404 RW-data=40 ZI-data=1576  
".\Obj\HID.axf" - 0 Error(s), 0 Warning(s).
Load "D:\\Long\\WorkingSet\\SELAB\\Dongle\\Source\\lpc2368_usbhid\\USBHID\\Obj\\HID.AXF" 
Erase Done.
Programming Done.
Verify OK.
