ARM Linker, RVCT3.1 [Build 919] for uVision [Standard]

================================================================================

Section Cross References

    lpc2300.o(STACK) refers (Special) to stkheap2.o(.text) for __use_two_region_memory
    lpc2300.o(HEAP) refers (Special) to stkheap2.o(.text) for __use_two_region_memory
    lpc2300.o(RESET) refers to lpc2300.o(STACK) for Stack_Top
    lpc2300.o(RESET) refers to __main.o(!!!main) for __main
    lpc2300.o(RESET) refers (Special) to stkheap2.o(.text) for __use_two_region_memory
    lpc2300.o(.text) refers to lpc2300.o(HEAP) for Heap_Mem
    lpc2300.o(.text) refers to lpc2300.o(STACK) for Stack_Mem
    lpc2300.o(.text) refers (Special) to stkheap2.o(.text) for __use_two_region_memory
    usbcore.o(.text) refers to usbhw.o(.text) for USB_ReadEP
    usbcore.o(.text) refers to usbcore.o(i.USB_GetStatus) for USB_GetStatus
    usbcore.o(.text) refers to usbcore.o(i.USB_SetClrFeature) for USB_SetClrFeature
    usbcore.o(.text) refers to usbcore.o(i.USB_GetDescriptor) for USB_GetDescriptor
    usbcore.o(.text) refers to usbcore.o(i.USB_SetConfiguration) for USB_SetConfiguration
    usbcore.o(.text) refers to usbuser.o(.text) for USB_Configure_Event
    usbcore.o(.text) refers to usbcore.o(i.USB_SetInterface) for USB_SetInterface
    usbcore.o(.text) refers to hiduser.o(.text) for HID_GetReport
    usbcore.o(.text) refers to usbcore.o(.data) for USB_DeviceStatus
    usbcore.o(.text) refers to usbcore.o(.bss) for EP0Buf
    usbhw.o(.text) refers to usbuser.o(.text) for USB_Reset_Event
    usbhw.o(.text) refers to uwrite4.o(.text) for __aeabi_uwrite4
    usbhw.o(.text) refers to uread4.o(.text) for __aeabi_uread4
    usbhw.o(.text) refers to usbuser.o(.constdata) for USB_P_EP
    usbhw.o(.text) refers to usbcore.o(.data) for USB_DeviceStatus
    usbuser.o(.text) refers to usbcore.o(.text) for USB_ResetCore
    usbuser.o(.text) refers to demo.o(.text) for GetInReport
    usbuser.o(.text) refers to usbhw.o(.text) for USB_WriteEP
    usbuser.o(.text) refers to usbcore.o(.data) for USB_Configuration
    usbuser.o(.text) refers to demo.o(.bss) for InReport
    usbuser.o(.constdata) refers to usbcore.o(.text) for USB_EndPoint0
    usbuser.o(.constdata) refers to usbuser.o(.text) for USB_EndPoint1
    hiduser.o(.text) refers to demo.o(.text) for GetInReport
    hiduser.o(.text) refers to usbcore.o(.data) for SetupPacket
    hiduser.o(.text) refers to demo.o(.bss) for InReport
    hiduser.o(.text) refers to usbcore.o(.bss) for EP0Buf
    hiduser.o(.text) refers to hiduser.o(.data) for HID_IdleTime
    demo.o(.text) refers to aes.o(.text) for Cipher
    demo.o(.text) refers to lcd_4bit.o(.text) for lcd_init
    demo.o(.text) refers to usbhw.o(.text) for USB_Init
    demo.o(.text) refers to demo.o(.bss) for Encryp
    demo.o(.text) refers to demo.o(.data) for Nr
    lcd_4bit.o(.text) refers to lcd_4bit.o(.constdata) for UserFont
    aes.o(.text) refers to rt_memcpy_w.o(.text) for __aeabi_memcpy4
    aes.o(.text) refers to aeabi_sdiv.o(.text) for __aeabi_idivmod
    aes.o(.text) refers to aes.o(.constdata) for .constdata
    aes.o(.text) refers to aes.o(.bss) for RoundKey
    aes.o(.text) refers to aes.o(.data) for Rcon
    aeabi_sdiv.o(.text_udiv) refers to aeabi_sdiv.o(.text) for __arm_div4
    aeabi_sdiv_div0.o(.text_udiv) refers to aeabi_sdiv_div0.o(.text) for __arm_div4
    stkheap2.o(.text) refers to sys_stackheap_outer.o(.text) for __user_setup_stackheap
    stkheap2.o(.text) refers to rt_stackheap_storage_intlibspace.o(.text) for __rt_stackheap_storage
    __main.o(!!!main) refers to kernel.o(.text) for __rt_entry
    kernel.o(.text) refers to stkheap2.o(.text) for __rt_stackheap_init
    kernel.o(.text) refers to boardinit2.o(.text) for _platform_post_stackheap_init
    kernel.o(.text) refers to lib_init.o(.text) for __rt_lib_init
    kernel.o(.text) refers to boardinit3.o(.text) for _platform_post_lib_init
    kernel.o(.text) refers to exit.o(.text) for exit
    kernel.o(.text) refers to demo.o(.text) for main
    kernel.o(.text) refers to sys_exit.o(.text) for _sys_exit
    kernel.o(.ARM.exidx) refers to kernel.o(.text) for __rt_entry
    sys_stackheap_outer.o(.text) refers to libspace.o(.text) for __user_perproc_libspace
    sys_stackheap_outer.o(.text) refers to lpc2300.o(.text) for __user_initial_stackheap
    aeabi_idiv0_sigfpe.o(.text) refers to rt_div0.o(.text) for __rt_div0
    rt_stackheap_storage.o(.text) refers to rt_stackheap_storage.o(.bss) for __rt_stackheap_storage_data
    rt_stackheap_storage_intlibspace.o(.text) refers to libspace.o(.bss) for __libspace_start
    sys_exit.o(.text) refers to use_no_semi.o(.text) for __I_use_semihosting
    libspace.o(.text) refers to libspace.o(.bss) for __libspace_start
    rt_div0.o(.text) refers to defsig_fpe_outer.o(.text) for __rt_SIGFPE
    exit.o(.text) refers to kernel.o(.text) for __rt_exit
    stkheap1.o(.text) refers to sys_stackheap_outer.o(.text) for __user_setup_stackheap
    stkheap1.o(.text) refers to rt_stackheap_storage_intlibspace.o(.text) for __rt_stackheap_storage
    lib_init.o(.emb_text) refers to no_argv.o(.text) for __ARM_get_argv
    lib_init.o(.text) refers to fpinit.o(x$fpl$fpinit) for _fp_init
    lib_init.o(.text) refers to lib_init.o(.emb_text) for __ARM_argv_veneer
    lib_init.o(.text) refers to rt_locale_intlibspace.o(.text) for __rt_locale
    rt_locale.o(.text) refers to rt_locale.o(.bss) for __rt_locale_data
    rt_locale_intlibspace.o(.text) refers to libspace.o(.bss) for __libspace_start
    defsig_fpe_outer.o(.text) refers to defsig_fpe_inner.o(.text) for __rt_SIGFPE_inner
    defsig_fpe_outer.o(.text) refers to defsig_exit.o(.text) for __sig_exit
    defsig_fpe_formal.o(.text) refers to rt_raise.o(.text) for __rt_raise
    defsig_fpe_formal.o(.text) refers (Special) to defsig_fpe_inner.o(.text) for __rt_SIGFPE_inner
    _get_argv.o(.text) refers to heapext.o(.text) for __heap_extend
    _get_argv.o(.text) refers to defsig_rtmem_outer.o(.text) for __rt_SIGRTMEM
    _get_argv.o(.text) refers to sys_command.o(.text) for _sys_command_string
    _get_argv.o(.text) refers (Special) to hrguard.o(.text) for __heap_region_guard
    fpinit.o(x$fpl$fpinit) refers to rt_fp_status_addr_intlibspace.o(.text) for __rt_fp_status_addr
    sys_command.o(.text) refers (Special) to use_no_semi.o(.text) for __I_use_semihosting
    rt_raise.o(.text) refers to __raise.o(.text) for __raise
    rt_raise.o(.text) refers to sys_exit.o(.text) for _sys_exit
    rt_fp_status_addr.o(.text) refers to rt_fp_status_addr.o(.bss) for __rt_fp_status_addr_data
    rt_fp_status_addr_intlibspace.o(.text) refers to libspace.o(.bss) for __libspace_start
    defsig_exit.o(.text) refers to sys_exit.o(.text) for _sys_exit
    defsig_fpe_inner.o(.text) refers to defsig_general.o(.text) for __default_signal_display
    defsig_rtmem_outer.o(.text) refers to defsig_rtmem_inner.o(.text) for __rt_SIGRTMEM_inner
    defsig_rtmem_outer.o(.text) refers to defsig_exit.o(.text) for __sig_exit
    defsig_rtmem_formal.o(.text) refers to rt_raise.o(.text) for __rt_raise
    defsig_rtmem_formal.o(.text) refers (Special) to defsig_rtmem_inner.o(.text) for __rt_SIGRTMEM_inner
    heapext.o(.text) refers to stkheap2.o(.text) for __rt_heap_extend
    __raise.o(.text) refers to defsig.o(CL$$defsig) for __default_signal_handler
    __raise.o(.text) refers to callvia.o(.text) for __ARM_call_via_r2
    defsig_general.o(.text) refers to sys_wrch.o(.text) for _ttywrch
    defsig_rtmem_inner.o(.text) refers to defsig_general.o(.text) for __default_signal_display
    sys_wrch.o(.text) refers (Special) to use_no_semi.o(.text) for __I_use_semihosting
    defsig.o(CL$$defsig) refers (Weak) to defsig_fpe_inner.o(.text) for __rt_SIGFPE_inner
    defsig.o(CL$$defsig) refers (Weak) to defsig_rtmem_inner.o(.text) for __rt_SIGRTMEM_inner
    usbcore.o(i.USB_GetStatus) refers to usbcore.o(.text) for USB_DataInStage
    usbcore.o(i.USB_GetStatus) refers to usbcore.o(.data) for SetupPacket
    usbcore.o(i.USB_GetStatus) refers to usbcore.o(.bss) for EP0Buf
    usbcore.o(i.USB_SetClrFeature) refers to usbhw.o(.text) for USB_WakeUpCfg
    usbcore.o(i.USB_SetClrFeature) refers to usbcore.o(.data) for SetupPacket
    usbcore.o(i.USB_GetDescriptor) refers to usbcore.o(.text) for USB_DataInStage
    usbcore.o(i.USB_GetDescriptor) refers to usbcore.o(.data) for SetupPacket
    usbcore.o(i.USB_GetDescriptor) refers to usbdesc.o(.constdata) for USB_DeviceDescriptor
    usbcore.o(i.USB_SetConfiguration) refers to usbhw.o(.text) for USB_DisableEP
    usbcore.o(i.USB_SetConfiguration) refers to usbcore.o(.data) for SetupPacket
    usbcore.o(i.USB_SetConfiguration) refers to usbdesc.o(.constdata) for USB_ConfigDescriptor
    usbcore.o(i.USB_SetInterface) refers to usbhw.o(.text) for USB_ConfigEP
    usbcore.o(i.USB_SetInterface) refers to usbcore.o(.data) for USB_Configuration
    usbcore.o(i.USB_SetInterface) refers to usbdesc.o(.constdata) for USB_ConfigDescriptor


================================================================================

Adding Veneers to the image

    Adding TA veneer (8 bytes, Short) for call to '__rt_exit' from exit.o(.text).
    Adding AT veneer (12 bytes, Long) for call to '__rt_lib_shutdown' from kernel.o(.text).
    Adding TA veneer (4 bytes, Inline) for call to '_fp_init' from lib_init.o(.text).
    Adding TA veneer (4 bytes, Inline) for call to '__rt_locale' from lib_init.o(.text).
    Adding AT veneer (8 bytes, Inline) for call to '__rt_lib_init' from kernel.o(.text).
    Adding TA veneer (4 bytes, Inline) for call to '__ARM_argv_veneer' from lib_init.o(.text).

6 Veneer(s) (total 40 bytes) added to the image.

================================================================================

Image Symbol Table

    Local Symbols

    Symbol Name                              Value     Ov Type        Size  Object(Section)

    RESET                                    0x00000000   Section      364  lpc2300.o(RESET)
    ../../angel/boardlib.s                   0x00000000   Number         0  cpuinit.o ABSOLUTE
    ../../angel/boardlib.s                   0x00000000   Number         0  boardshut.o ABSOLUTE
    ../../angel/boardlib.s                   0x00000000   Number         0  boardinit3.o ABSOLUTE
    ../../angel/boardlib.s                   0x00000000   Number         0  boardinit1.o ABSOLUTE
    ../../angel/boardlib.s                   0x00000000   Number         0  boardinit2.o ABSOLUTE
    ../../angel/dczerorl2.s                  0x00000000   Number         0  __dczerorl2.o ABSOLUTE
    ../../angel/handlers.s                   0x00000000   Number         0  __scatter_zi.o ABSOLUTE
    ../../angel/kernel.s                     0x00000000   Number         0  kernel.o ABSOLUTE
    ../../angel/rt.s                         0x00000000   Number         0  rt_fp_status_addr_intlibspace.o ABSOLUTE
    ../../angel/rt.s                         0x00000000   Number         0  rt_fp_status_addr.o ABSOLUTE
    ../../angel/rt.s                         0x00000000   Number         0  rt_locale_intlibspace.o ABSOLUTE
    ../../angel/rt.s                         0x00000000   Number         0  rt_locale.o ABSOLUTE
    ../../angel/rt.s                         0x00000000   Number         0  rt_raise.o ABSOLUTE
    ../../angel/rt.s                         0x00000000   Number         0  rt_div0.o ABSOLUTE
    ../../angel/rt.s                         0x00000000   Number         0  aeabi_idiv0.o ABSOLUTE
    ../../angel/rt.s                         0x00000000   Number         0  aeabi_idiv0_sigfpe.o ABSOLUTE
    ../../angel/rt.s                         0x00000000   Number         0  rt_stackheap_storage.o ABSOLUTE
    ../../angel/rt.s                         0x00000000   Number         0  rt_stackheap_storage_intlibspace.o ABSOLUTE
    ../../angel/scatter.s                    0x00000000   Number         0  __scatter.o ABSOLUTE
    ../../angel/startup.s                    0x00000000   Number         0  __main.o ABSOLUTE
    ../../angel/sys.s                        0x00000000   Number         0  use_no_semi.o ABSOLUTE
    ../../angel/sys.s                        0x00000000   Number         0  sys_exit.o ABSOLUTE
    ../../angel/sys.s                        0x00000000   Number         0  libspace.o ABSOLUTE
    ../../angel/sys.s                        0x00000000   Number         0  sys_stackheap_outer.o ABSOLUTE
    ../../angel/sysapp.c                     0x00000000   Number         0  sys_command.o ABSOLUTE
    ../../angel/sysapp.c                     0x00000000   Number         0  sys_wrch.o ABSOLUTE
    ../../armsys.c                           0x00000000   Number         0  _get_argv.o ABSOLUTE
    ../../armsys.c                           0x00000000   Number         0  lib_init.o ABSOLUTE
    ../../armsys.c                           0x00000000   Number         0  no_argv.o ABSOLUTE
    ../../armsys.c                           0x00000000   Number         0  lib_init.o ABSOLUTE
    ../../division.s                         0x00000000   Number         0  aeabi_sdiv.o ABSOLUTE
    ../../division.s                         0x00000000   Number         0  aeabi_sdiv_div0.o ABSOLUTE
    ../../divrt.s                            0x00000000   Number         0  divrt_7tdmi.o ABSOLUTE
    ../../divrt.s                            0x00000000   Number         0  divrt_7tdmi_div0.o ABSOLUTE
    ../../fpinit.s                           0x00000000   Number         0  fpinit.o ABSOLUTE
    ../../heapalloc.c                        0x00000000   Number         0  hrguard.o ABSOLUTE
    ../../memcpset.s                         0x00000000   Number         0  rt_memcpy_w.o ABSOLUTE
    ../../signal.c                           0x00000000   Number         0  defsig_rtmem_inner.o ABSOLUTE
    ../../signal.c                           0x00000000   Number         0  defsig_general.o ABSOLUTE
    ../../signal.c                           0x00000000   Number         0  __raise.o ABSOLUTE
    ../../signal.c                           0x00000000   Number         0  defsig_rtmem_formal.o ABSOLUTE
    ../../signal.c                           0x00000000   Number         0  defsig_fpe_outer.o ABSOLUTE
    ../../signal.c                           0x00000000   Number         0  defsig_fpe_formal.o ABSOLUTE
    ../../signal.c                           0x00000000   Number         0  defsig_rtmem_outer.o ABSOLUTE
    ../../signal.c                           0x00000000   Number         0  defsig_fpe_inner.o ABSOLUTE
    ../../signal.c                           0x00000000   Number         0  defsig_exit.o ABSOLUTE
    ../../signal.s                           0x00000000   Number         0  defsig.o ABSOLUTE
    ../../stdlib.c                           0x00000000   Number         0  exit.o ABSOLUTE
    ../../stkheap.s                          0x00000000   Number         0  heapext.o ABSOLUTE
    ../../stkheap1.s                         0x00000000   Number         0  stkheap1.o ABSOLUTE
    ../../stkheap2.s                         0x00000000   Number         0  stkheap2.o ABSOLUTE
    ../../unhosted.s                         0x00000000   Number         0  callvia.o ABSOLUTE
    ../../unhosted.s                         0x00000000   Number         0  uread4.o ABSOLUTE
    ../../unhosted.s                         0x00000000   Number         0  uwrite4.o ABSOLUTE
    LCD_4bit.c                               0x00000000   Number         0  lcd_4bit.o ABSOLUTE
    LPC2300.s                                0x00000000   Number         0  lpc2300.o ABSOLUTE
    aes.c                                    0x00000000   Number         0  aes.o ABSOLUTE
    dc.s                                     0x00000000   Number         0  dc.o ABSOLUTE
    demo.c                                   0x00000000   Number         0  demo.o ABSOLUTE
    hiduser.c                                0x00000000   Number         0  hiduser.o ABSOLUTE
    usbcore.c                                0x00000000   Number         0  usbcore.o ABSOLUTE
    usbdesc.c                                0x00000000   Number         0  usbdesc.o ABSOLUTE
    usbhw.c                                  0x00000000   Number         0  usbhw.o ABSOLUTE
    usbuser.c                                0x00000000   Number         0  usbuser.o ABSOLUTE
    Undef_Handler                            0x00000040   ARM Code       4  lpc2300.o(RESET)
    SWI_Handler                              0x00000044   ARM Code       4  lpc2300.o(RESET)
    PAbt_Handler                             0x00000048   ARM Code       4  lpc2300.o(RESET)
    DAbt_Handler                             0x0000004c   ARM Code       4  lpc2300.o(RESET)
    IRQ_Handler                              0x00000050   ARM Code       4  lpc2300.o(RESET)
    FIQ_Handler                              0x00000054   ARM Code       4  lpc2300.o(RESET)
    !!!main                                  0x0000016c   Section        8  __main.o(!!!main)
    !!!scatter                               0x00000174   Section       60  __scatter.o(!!!scatter)
    !!dczerorl2                              0x000001b0   Section       92  __dczerorl2.o(!!dczerorl2)
    _decompress_loop                         0x000001bb   Thumb Code     0  __dczerorl2.o(!!dczerorl2)
    _decompress_zerolen                      0x000001c9   Thumb Code     0  __dczerorl2.o(!!dczerorl2)
    _decompress_litn                         0x000001d1   Thumb Code     0  __dczerorl2.o(!!dczerorl2)
    _decompress_lit                          0x000001d5   Thumb Code     0  __dczerorl2.o(!!dczerorl2)
    _decompress_copyorzero                   0x000001e1   Thumb Code     0  __dczerorl2.o(!!dczerorl2)
    _decompress_zero                         0x000001e9   Thumb Code     0  __dczerorl2.o(!!dczerorl2)
    _decompress_copyn                        0x000001f3   Thumb Code     0  __dczerorl2.o(!!dczerorl2)
    _decompress_copy                         0x000001fb   Thumb Code     0  __dczerorl2.o(!!dczerorl2)
    _decompress_end                          0x00000207   Thumb Code     0  __dczerorl2.o(!!dczerorl2)
    !!handler_zi                             0x0000020c   Section       44  __scatter_zi.o(!!handler_zi)
    .emb_text                                0x0000023c   Section       16  lib_init.o(.emb_text)
    .text                                    0x0000024c   Section       32  lpc2300.o(.text)
    .text                                    0x0000026c   Section     1840  usbcore.o(.text)
    .text                                    0x0000099c   Section     1948  usbhw.o(.text)
    .text                                    0x00001138   Section      208  usbuser.o(.text)
    .text                                    0x00001208   Section      392  hiduser.o(.text)
    .text                                    0x00001390   Section      656  demo.o(.text)
    .text                                    0x00001620   Section      764  lcd_4bit.o(.text)
    delay                                    0x00001620   ARM Code      24  lcd_4bit.o(.text)
    lcd_read_status                          0x00001638   ARM Code     188  lcd_4bit.o(.text)
    wait_while_busy                          0x000016f4   ARM Code      36  lcd_4bit.o(.text)
    lcd_write_data                           0x0000179c   ARM Code      48  lcd_4bit.o(.text)
    .text                                    0x0000191c   Section     9408  aes.o(.text)
    .text                                    0x00003ddc   Section      100  rt_memcpy_w.o(.text)
    .text                                    0x00003e40   Section       32  uread4.o(.text)
    .text                                    0x00003e60   Section       32  uwrite4.o(.text)
    .text                                    0x00003e80   Section      384  aeabi_sdiv.o(.text)
    __arm_div8                               0x00003eac   ARM Code       0  aeabi_sdiv.o(.text)
    __arm_div4                               0x00003edc   ARM Code       0  aeabi_sdiv.o(.text)
    __arm_div_large                          0x00003f30   ARM Code       0  aeabi_sdiv.o(.text)
    .text                                    0x00004000   Section       64  stkheap2.o(.text)
    .text                                    0x00004040   Section      104  kernel.o(.text)
    .text                                    0x000040a8   Section       96  sys_stackheap_outer.o(.text)
    .text                                    0x00004108   Section       16  rt_stackheap_storage_intlibspace.o(.text)
    .text                                    0x00004118   Section       24  sys_exit.o(.text)
    .text                                    0x00004130   Section       12  libspace.o(.text)
    .text                                    0x0000413c   Section       12  exit.o(.text)
    .text                                    0x00004150   Section      206  lib_init.o(.text)
    .text                                    0x00004220   Section       12  boardinit2.o(.text)
    .text                                    0x0000422c   Section       16  boardinit3.o(.text)
    .text                                    0x0000423c   Section        4  use_no_semi.o(.text)
    .text                                    0x00004244   Section       16  rt_locale_intlibspace.o(.text)
    .text                                    0x00004254   Section        6  no_argv.o(.text)
    .text                                    0x0000425c   Section       16  rt_fp_status_addr_intlibspace.o(.text)
    i.USB_GetDescriptor                      0x00004280   Section      528  usbcore.o(i.USB_GetDescriptor)
    i.USB_GetStatus                          0x00004490   Section      388  usbcore.o(i.USB_GetStatus)
    i.USB_SetClrFeature                      0x00004614   Section      408  usbcore.o(i.USB_SetClrFeature)
    i.USB_SetConfiguration                   0x000047ac   Section      680  usbcore.o(i.USB_SetConfiguration)
    i.USB_SetInterface                       0x00004a54   Section      476  usbcore.o(i.USB_SetInterface)
    x$fpl$fpinit                             0x00004c34   Section       24  fpinit.o(x$fpl$fpinit)
    .constdata                               0x00004c4c   Section      241  usbdesc.o(.constdata)
    .constdata                               0x00004d40   Section       64  usbuser.o(.constdata)
    .constdata                               0x00004d80   Section       64  lcd_4bit.o(.constdata)
    .constdata                               0x00004dc0   Section     2048  aes.o(.constdata)
    .data                                    0x40000000   Section       36  usbcore.o(.data)
    .data                                    0x40000024   Section        2  hiduser.o(.data)
    .data                                    0x40000028   Section       40  demo.o(.data)
    .data                                    0x40000050   Section     1020  aes.o(.data)
    .bss                                     0x4000044c   Section       64  usbcore.o(.bss)
    .bss                                     0x4000048c   Section      160  demo.o(.bss)
    .bss                                     0x4000052c   Section      256  aes.o(.bss)
    .bss                                     0x4000062c   Section       96  libspace.o(.bss)
    HEAP                                     0x40000690   Number         0  lpc2300.o(HEAP)
    STACK                                    0x40000690   Section     1288  lpc2300.o(STACK)
    Heap_Mem                                 0x40000690   Number         0  lpc2300.o(HEAP)
    Stack_Mem                                0x40000690   Data        1024  lpc2300.o(STACK)
    Stack_Top                                0x40000b98   Number         0  lpc2300.o(STACK)

    Global Symbols

    Symbol Name                              Value     Ov Type        Size  Object(Section)

    BuildAttributes$$THM_ISAv1$ARM_ISAv4$M$S$PE$A:L22$X:L11$S22$IEEE1$IW$USESV6$~STKCKD$USESV7$~SHL$OSPACE$EBA8$STANDARDLIB$REQ8$EABIv2 0x00000000   Number         0  anon$$obj.o ABSOLUTE
    __ARM_use_no_argv                        0x00000000   Number         0  demo.o ABSOLUTE
    __ARM_exceptions_init                     - Undefined Weak Reference
    __Heap_DescSize                           - Undefined Weak Reference
    __alloca_initialize                       - Undefined Weak Reference
    __cpp_initialize__aeabi_                  - Undefined Weak Reference
    __cxa_finalize                            - Undefined Weak Reference
    __rt_SIGABRT_inner                        - Undefined Weak Reference
    __rt_SIGCPPL_inner                        - Undefined Weak Reference
    __rt_SIGILL_inner                         - Undefined Weak Reference
    __rt_SIGINT_inner                         - Undefined Weak Reference
    __rt_SIGPVFN_inner                        - Undefined Weak Reference
    __rt_SIGRTRED_inner                       - Undefined Weak Reference
    __rt_SIGSEGV_inner                        - Undefined Weak Reference
    __rt_SIGSTAK_inner                        - Undefined Weak Reference
    __rt_SIGTERM_inner                        - Undefined Weak Reference
    __rt_SIGUSR1_inner                        - Undefined Weak Reference
    __rt_SIGUSR2_inner                        - Undefined Weak Reference
    __rt_sigother_inner                       - Undefined Weak Reference
    __sigvec_lookup                           - Undefined Weak Reference
    __user_heap_extend                        - Undefined Weak Reference
    _atexit_init                              - Undefined Weak Reference
    _call_atexit_fns                          - Undefined Weak Reference
    _clock_init                               - Undefined Weak Reference
    _fp_trap_init                             - Undefined Weak Reference
    _get_lc_collate                           - Undefined Weak Reference
    _get_lc_ctype                             - Undefined Weak Reference
    _get_lc_monetary                          - Undefined Weak Reference
    _get_lc_numeric                           - Undefined Weak Reference
    _get_lc_time                              - Undefined Weak Reference
    _getenv_init                              - Undefined Weak Reference
    _handle_redirection                       - Undefined Weak Reference
    _init_alloc                               - Undefined Weak Reference
    _init_user_alloc                          - Undefined Weak Reference
    _initio                                   - Undefined Weak Reference
    _rand_init                                - Undefined Weak Reference
    _signal_init                              - Undefined Weak Reference
    _terminate_user_alloc                     - Undefined Weak Reference
    _terminateio                              - Undefined Weak Reference
    Reset_Handler                            0x00000058   ARM Code       0  lpc2300.o(RESET)
    __main                                   0x0000016c   ARM Code       8  __main.o(!!!main)
    __scatterload                            0x00000174   ARM Code       0  __scatter.o(!!!scatter)
    __scatterload_rt2                        0x00000174   ARM Code      52  __scatter.o(!!!scatter)
    __scatterload_null                       0x00000188   ARM Code       0  __scatter.o(!!!scatter)
    __decompress                             0x000001b0   ARM Code      92  __dczerorl2.o(!!dczerorl2)
    __decompress1                            0x000001b0   ARM Code       0  __dczerorl2.o(!!dczerorl2)
    __scatterload_zeroinit                   0x0000020c   ARM Code      44  __scatter_zi.o(!!handler_zi)
    Inline Thumb to ARM Veneer to __ARM_argv_veneer 0x00000239   Thumb Code     0  lib_init.o(.emb_text)
    __ARM_argv_veneer                        0x0000023c   ARM Code      16  lib_init.o(.emb_text)
    __user_initial_stackheap                 0x0000024c   ARM Code       0  lpc2300.o(.text)
    USB_ResetCore                            0x0000026c   ARM Code      56  usbcore.o(.text)
    USB_SetupStage                           0x000002a4   ARM Code      24  usbcore.o(.text)
    USB_DataInStage                          0x000002bc   ARM Code     104  usbcore.o(.text)
    USB_DataOutStage                         0x00000324   ARM Code      68  usbcore.o(.text)
    USB_StatusInStage                        0x00000368   ARM Code      28  usbcore.o(.text)
    USB_StatusOutStage                       0x00000384   ARM Code      24  usbcore.o(.text)
    USB_EndPoint0                            0x0000039c   ARM Code    1492  usbcore.o(.text)
    EPAdr                                    0x0000099c   ARM Code      28  usbhw.o(.text)
    WrCmd                                    0x000009b8   ARM Code      44  usbhw.o(.text)
    WrCmdDat                                 0x000009e4   ARM Code      84  usbhw.o(.text)
    RdCmdDat                                 0x00000a38   ARM Code      56  usbhw.o(.text)
    USB_SetAddress                           0x00000a70   ARM Code      56  usbhw.o(.text)
    USB_Reset                                0x00000aa8   ARM Code      88  usbhw.o(.text)
    USB_Resume                               0x00000b00   ARM Code       4  usbhw.o(.text)
    USB_Suspend                              0x00000b04   ARM Code       4  usbhw.o(.text)
    USB_ISR                                  0x00000b08   ARM Code     388  usbhw.o(.text)
    USB_Init                                 0x00000c8c   ARM Code     228  usbhw.o(.text)
    USB_Connect                              0x00000d70   ARM Code      52  usbhw.o(.text)
    USB_WakeUp                               0x00000da4   ARM Code      40  usbhw.o(.text)
    USB_WakeUpCfg                            0x00000dcc   ARM Code       4  usbhw.o(.text)
    USB_Configure                            0x00000dd0   ARM Code      96  usbhw.o(.text)
    USB_ConfigEP                             0x00000e30   ARM Code     112  usbhw.o(.text)
    USB_DirCtrlEP                            0x00000ea0   ARM Code       4  usbhw.o(.text)
    USB_EnableEP                             0x00000ea4   ARM Code      44  usbhw.o(.text)
    USB_DisableEP                            0x00000ed0   ARM Code      44  usbhw.o(.text)
    USB_ResetEP                              0x00000efc   ARM Code      44  usbhw.o(.text)
    USB_SetStallEP                           0x00000f28   ARM Code      44  usbhw.o(.text)
    USB_ClrStallEP                           0x00000f54   ARM Code      44  usbhw.o(.text)
    USB_ReadEP                               0x00000f80   ARM Code     176  usbhw.o(.text)
    USB_WriteEP                              0x00001030   ARM Code     144  usbhw.o(.text)
    USB_GetFrame                             0x000010c0   ARM Code      48  usbhw.o(.text)
    USB_Reset_Event                          0x00001138   ARM Code      16  usbuser.o(.text)
    USB_Configure_Event                      0x00001148   ARM Code      48  usbuser.o(.text)
    USB_EndPoint1                            0x00001178   ARM Code      76  usbuser.o(.text)
    USB_EndPoint2                            0x000011c4   ARM Code       4  usbuser.o(.text)
    USB_EndPoint3                            0x000011c8   ARM Code       4  usbuser.o(.text)
    USB_EndPoint4                            0x000011cc   ARM Code       4  usbuser.o(.text)
    USB_EndPoint5                            0x000011d0   ARM Code       4  usbuser.o(.text)
    USB_EndPoint6                            0x000011d4   ARM Code       4  usbuser.o(.text)
    USB_EndPoint7                            0x000011d8   ARM Code       4  usbuser.o(.text)
    USB_EndPoint8                            0x000011dc   ARM Code       4  usbuser.o(.text)
    USB_EndPoint9                            0x000011e0   ARM Code       4  usbuser.o(.text)
    USB_EndPoint10                           0x000011e4   ARM Code       4  usbuser.o(.text)
    USB_EndPoint11                           0x000011e8   ARM Code       4  usbuser.o(.text)
    USB_EndPoint12                           0x000011ec   ARM Code       4  usbuser.o(.text)
    USB_EndPoint13                           0x000011f0   ARM Code       4  usbuser.o(.text)
    USB_EndPoint14                           0x000011f4   ARM Code       4  usbuser.o(.text)
    USB_EndPoint15                           0x000011f8   ARM Code       4  usbuser.o(.text)
    HID_GetReport                            0x00001208   ARM Code     128  hiduser.o(.text)
    HID_SetReport                            0x00001288   ARM Code     128  hiduser.o(.text)
    HID_GetIdle                              0x00001308   ARM Code      32  hiduser.o(.text)
    HID_SetIdle                              0x00001328   ARM Code      32  hiduser.o(.text)
    HID_GetProtocol                          0x00001348   ARM Code      24  hiduser.o(.text)
    HID_SetProtocol                          0x00001360   ARM Code      24  hiduser.o(.text)
    GetInReport                              0x00001390   ARM Code      44  demo.o(.text)
    SetOutReport                             0x000013bc   ARM Code     372  demo.o(.text)
    main                                     0x00001530   ARM Code     164  demo.o(.text)
    lcd_write_4bit                           0x00001718   ARM Code      84  lcd_4bit.o(.text)
    lcd_write_cmd                            0x0000176c   ARM Code      48  lcd_4bit.o(.text)
    lcd_putchar                              0x000017cc   ARM Code      24  lcd_4bit.o(.text)
    lcd_init                                 0x000017e4   ARM Code     176  lcd_4bit.o(.text)
    set_cursor                               0x00001894   ARM Code      48  lcd_4bit.o(.text)
    lcd_clear                                0x000018c4   ARM Code      32  lcd_4bit.o(.text)
    lcd_print                                0x000018e4   ARM Code      40  lcd_4bit.o(.text)
    getSBoxValue                             0x0000191c   ARM Code      48  aes.o(.text)
    KeyExpansion                             0x0000194c   ARM Code     596  aes.o(.text)
    AddRoundKey                              0x00001ba0   ARM Code      92  aes.o(.text)
    SubBytes                                 0x00001bfc   ARM Code      80  aes.o(.text)
    ShiftRows                                0x00001c4c   ARM Code     140  aes.o(.text)
    MixColumns                               0x00001cd8   ARM Code     344  aes.o(.text)
    Cipher                                   0x00001e30   ARM Code     212  aes.o(.text)
    getSBoxInvert                            0x00001f04   ARM Code      48  aes.o(.text)
    InvSubBytes                              0x00001f34   ARM Code      80  aes.o(.text)
    InvShiftRows                             0x00001f84   ARM Code     140  aes.o(.text)
    InvMixColumns                            0x00002010   ARM Code    7408  aes.o(.text)
    InvCipher                                0x00003d00   ARM Code     212  aes.o(.text)
    __aeabi_memcpy4                          0x00003ddc   ARM Code       0  rt_memcpy_w.o(.text)
    __aeabi_memcpy8                          0x00003ddc   ARM Code       0  rt_memcpy_w.o(.text)
    __rt_memcpy_w                            0x00003ddc   ARM Code     100  rt_memcpy_w.o(.text)
    _memcpy_lastbytes_aligned                0x00003e28   ARM Code       0  rt_memcpy_w.o(.text)
    __aeabi_uread4                           0x00003e40   ARM Code       0  uread4.o(.text)
    __rt_uread4                              0x00003e40   ARM Code      32  uread4.o(.text)
    __aeabi_uwrite4                          0x00003e60   ARM Code       0  uwrite4.o(.text)
    __rt_uwrite4                             0x00003e60   ARM Code      32  uwrite4.o(.text)
    __aeabi_idiv                             0x00003e80   ARM Code       0  aeabi_sdiv.o(.text)
    __aeabi_idivmod                          0x00003e80   ARM Code     384  aeabi_sdiv.o(.text)
    __use_two_region_memory                  0x00004000   ARM Code       4  stkheap2.o(.text)
    __rt_stackheap_init                      0x00004004   ARM Code      36  stkheap2.o(.text)
    __rt_heap_extend                         0x00004028   ARM Code      24  stkheap2.o(.text)
    __rt_entry                               0x00004040   ARM Code      76  kernel.o(.text)
    __rt_exit                                0x0000408c   ARM Code      20  kernel.o(.text)
    __rt_abort                               0x000040a0   ARM Code       8  kernel.o(.text)
    __user_setup_stackheap                   0x000040a8   ARM Code      96  sys_stackheap_outer.o(.text)
    __rt_stackheap_storage                   0x00004108   ARM Code      12  rt_stackheap_storage_intlibspace.o(.text)
    _sys_exit                                0x00004118   ARM Code      20  sys_exit.o(.text)
    __user_libspace                          0x00004130   ARM Code       8  libspace.o(.text)
    __user_perproc_libspace                  0x00004130   ARM Code       0  libspace.o(.text)
    __user_perthread_libspace                0x00004130   ARM Code       0  libspace.o(.text)
    exit                                     0x0000413d   Thumb Code    12  exit.o(.text)
    Inline ARM to Thumb Veneer to __rt_lib_init 0x00004148   ARM Code       0  lib_init.o(.text)
    __rt_lib_init                            0x00004151   Thumb Code   184  lib_init.o(.text)
    __rt_lib_shutdown                        0x00004209   Thumb Code    22  lib_init.o(.text)
    _platform_post_stackheap_init            0x00004220   ARM Code      12  boardinit2.o(.text)
    _platform_post_lib_init                  0x0000422c   ARM Code      16  boardinit3.o(.text)
    __I_use_semihosting                      0x0000423c   ARM Code       0  use_no_semi.o(.text)
    __use_no_semihosting_swi                 0x0000423c   ARM Code       4  use_no_semi.o(.text)
    Inline Thumb to ARM Veneer to __rt_locale 0x00004241   Thumb Code     0  rt_locale_intlibspace.o(.text)
    __rt_locale                              0x00004244   ARM Code      12  rt_locale_intlibspace.o(.text)
    __ARM_get_argv                           0x00004255   Thumb Code     6  no_argv.o(.text)
    __rt_fp_status_addr                      0x0000425c   ARM Code      12  rt_fp_status_addr_intlibspace.o(.text)
    Long ARM to Thumb Veneer to __rt_lib_shutdown 0x0000426c   ARM Code       0  anon$$obj.o(Veneer$$Code)
    Short Thumb to ARM Veneer to __rt_exit   0x00004279   Thumb Code     0  anon$$obj.o(Veneer$$Code)
    USB_GetDescriptor                        0x00004280   ARM Code     496  usbcore.o(i.USB_GetDescriptor)
    USB_GetStatus                            0x00004490   ARM Code     356  usbcore.o(i.USB_GetStatus)
    USB_SetClrFeature                        0x00004614   ARM Code     388  usbcore.o(i.USB_SetClrFeature)
    USB_SetConfiguration                     0x000047ac   ARM Code     644  usbcore.o(i.USB_SetConfiguration)
    USB_SetInterface                         0x00004a54   ARM Code     452  usbcore.o(i.USB_SetInterface)
    Inline Thumb to ARM Veneer to _fp_init   0x00004c31   Thumb Code     0  fpinit.o(x$fpl$fpinit)
    _fp_init                                 0x00004c34   ARM Code      24  fpinit.o(x$fpl$fpinit)
    __fplib_config_pureend_doubles           0x00004c44   ARM Code       0  fpinit.o(x$fpl$fpinit)
    HID_ReportDescriptor                     0x00004c4c   Data          86  usbdesc.o(.constdata)
    HID_ReportDescSize                       0x00004ca2   Data           2  usbdesc.o(.constdata)
    USB_DeviceDescriptor                     0x00004ca4   Data          18  usbdesc.o(.constdata)
    USB_ConfigDescriptor                     0x00004cb6   Data          35  usbdesc.o(.constdata)
    USB_StringDescriptor                     0x00004cd9   Data         100  usbdesc.o(.constdata)
    USB_P_EP                                 0x00004d40   Data          64  usbuser.o(.constdata)
    UserFont                                 0x00004d80   Data          64  lcd_4bit.o(.constdata)
    Region$$Table$$Base                      0x000055c0   Number         0  anon$$obj.o(Region$$Table)
    Region$$Table$$Limit                     0x000055e0   Number         0  anon$$obj.o(Region$$Table)
    USB_DeviceStatus                         0x40000000   Data           2  usbcore.o(.data)
    USB_DeviceAddress                        0x40000002   Data           1  usbcore.o(.data)
    USB_Configuration                        0x40000003   Data           1  usbcore.o(.data)
    USB_EndPointMask                         0x40000004   Data           4  usbcore.o(.data)
    USB_EndPointHalt                         0x40000008   Data           4  usbcore.o(.data)
    USB_NumInterfaces                        0x4000000c   Data           1  usbcore.o(.data)
    USB_AltSetting                           0x4000000d   Data           4  usbcore.o(.data)
    EP0Data                                  0x40000014   Data           8  usbcore.o(.data)
    SetupPacket                              0x4000001c   Data           8  usbcore.o(.data)
    HID_Protocol                             0x40000024   Data           1  hiduser.o(.data)
    HID_IdleTime                             0x40000025   Data           1  hiduser.o(.data)
    Key                                      0x40000028   Data          32  demo.o(.data)
    Nr                                       0x40000048   Data           4  demo.o(.data)
    Nk                                       0x4000004c   Data           4  demo.o(.data)
    Rcon                                     0x40000050   Data        1020  aes.o(.data)
    EP0Buf                                   0x4000044c   Data          64  usbcore.o(.bss)
    InReport                                 0x4000048c   Data          64  demo.o(.bss)
    OutReport                                0x400004cc   Data          64  demo.o(.bss)
    Encryp                                   0x4000050c   Data          16  demo.o(.bss)
    Decryp                                   0x4000051c   Data          16  demo.o(.bss)
    state                                    0x4000052c   Data          16  aes.o(.bss)
    RoundKey                                 0x4000053c   Data         240  aes.o(.bss)
    __libspace_start                         0x4000062c   Data          96  libspace.o(.bss)
    __temporary_stack_top_libspace           0x4000068c   Number         0  libspace.o(.bss)


================================================================================

Memory Map of the image

  Image Entry point : 0x00000000

  Load Region LR_IROM1 (Base: 0x00000000, Size: 0x00005a2c, Max: 0x00080000, ABSOLUTE, COMPRESSED[0x00005668])

    Execution Region ER_IROM1 (Base: 0x00000000, Size: 0x000055e0, Max: 0x00080000, ABSOLUTE)

    Base Addr    Size         Type   Attr      Idx    E Section Name        Object

    0x00000000   0x0000016c   Code   RO            3  * RESET               lpc2300.o
    0x0000016c   0x00000008   Code   RO          250  * !!!main             __main.o(c_t.l)
    0x00000174   0x0000003c   Code   RO          343    !!!scatter          __scatter.o(c_t.l)
    0x000001b0   0x0000005c   Code   RO          341    !!dczerorl2         __dczerorl2.o(c_t.l)
    0x0000020c   0x0000002c   Code   RO          345    !!handler_zi        __scatter_zi.o(c_t.l)
    0x00000238   0x00000004   Ven    RO          277    .emb_text           lib_init.o(c_t.l)
    0x0000023c   0x00000010   Code   RO          277    .emb_text           lib_init.o(c_t.l)
    0x0000024c   0x00000020   Code   RO            4    .text               lpc2300.o
    0x0000026c   0x00000730   Code   RO           12    .text               usbcore.o
    0x0000099c   0x0000079c   Code   RO          113    .text               usbhw.o
    0x00001138   0x000000d0   Code   RO          136    .text               usbuser.o
    0x00001208   0x00000188   Code   RO          153    .text               hiduser.o
    0x00001390   0x00000290   Code   RO          170    .text               demo.o
    0x00001620   0x000002fc   Code   RO          191    .text               lcd_4bit.o
    0x0000191c   0x000024c0   Code   RO          205    .text               aes.o
    0x00003ddc   0x00000064   Code   RO          226    .text               rt_memcpy_w.o(c_t.l)
    0x00003e40   0x00000020   Code   RO          228    .text               uread4.o(c_t.l)
    0x00003e60   0x00000020   Code   RO          230    .text               uwrite4.o(c_t.l)
    0x00003e80   0x00000180   Code   RO          232    .text               aeabi_sdiv.o(c_t.l)
    0x00004000   0x00000040   Code   RO          248    .text               stkheap2.o(c_t.l)
    0x00004040   0x00000068   Code   RO          252    .text               kernel.o(c_t.l)
    0x000040a8   0x00000060   Code   RO          255    .text               sys_stackheap_outer.o(c_t.l)
    0x00004108   0x00000010   Code   RO          264    .text               rt_stackheap_storage_intlibspace.o(c_t.l)
    0x00004118   0x00000018   Code   RO          266    .text               sys_exit.o(c_t.l)
    0x00004130   0x0000000c   Code   RO          268    .text               libspace.o(c_t.l)
    0x0000413c   0x0000000c   Code   RO          273    .text               exit.o(c_t.l)
    0x00004148   0x00000008   Ven    RO          278    .text               lib_init.o(c_t.l)
    0x00004150   0x000000ce   Code   RO          278    .text               lib_init.o(c_t.l)
    0x0000421e   0x00000002   PAD
    0x00004220   0x0000000c   Code   RO          283    .text               boardinit2.o(c_t.l)
    0x0000422c   0x00000010   Code   RO          285    .text               boardinit3.o(c_t.l)
    0x0000423c   0x00000004   Code   RO          289    .text               use_no_semi.o(c_t.l)
    0x00004240   0x00000004   Ven    RO          294    .text               rt_locale_intlibspace.o(c_t.l)
    0x00004244   0x00000010   Code   RO          294    .text               rt_locale_intlibspace.o(c_t.l)
    0x00004254   0x00000006   Code   RO          304    .text               no_argv.o(c_t.l)
    0x0000425a   0x00000002   PAD
    0x0000425c   0x00000010   Code   RO          315    .text               rt_fp_status_addr_intlibspace.o(c_t.l)
    0x0000426c   0x0000000c   Ven    RO          351    Veneer$$Code        anon$$obj.o
    0x00004278   0x00000008   Ven    RO          352    Veneer$$Code        anon$$obj.o
    0x00004280   0x00000210   Code   RO           38    i.USB_GetDescriptor  usbcore.o
    0x00004490   0x00000184   Code   RO           24    i.USB_GetStatus     usbcore.o
    0x00004614   0x00000198   Code   RO           31    i.USB_SetClrFeature  usbcore.o
    0x000047ac   0x000002a8   Code   RO           45    i.USB_SetConfiguration  usbcore.o
    0x00004a54   0x000001dc   Code   RO           52    i.USB_SetInterface  usbcore.o
    0x00004c30   0x00000004   Ven    RO          306    x$fpl$fpinit        fpinit.o(fz_ts.l)
    0x00004c34   0x00000018   Code   RO          306    x$fpl$fpinit        fpinit.o(fz_ts.l)
    0x00004c4c   0x000000f1   Data   RO          100    .constdata          usbdesc.o
    0x00004d3d   0x00000003   PAD
    0x00004d40   0x00000040   Data   RO          137    .constdata          usbuser.o
    0x00004d80   0x00000040   Data   RO          192    .constdata          lcd_4bit.o
    0x00004dc0   0x00000800   Data   RO          207    .constdata          aes.o
    0x000055c0   0x00000020   Data   RO          340    Region$$Table       anon$$obj.o


    Execution Region RW_IRAM1 (Base: 0x40000000, Size: 0x00000b98, Max: 0x00008000, ABSOLUTE, COMPRESSED[0x00000088])

    Base Addr    Size         Type   Attr      Idx    E Section Name        Object

    0x40000000   0x00000024   Data   RW           13    .data               usbcore.o
    0x40000024   0x00000002   Data   RW          154    .data               hiduser.o
    0x40000026   0x00000002   PAD
    0x40000028   0x00000028   Data   RW          171    .data               demo.o
    0x40000050   0x000003fc   Data   RW          206    .data               aes.o
    0x4000044c   0x00000040   Zero   RW           14    .bss                usbcore.o
    0x4000048c   0x000000a0   Zero   RW          172    .bss                demo.o
    0x4000052c   0x00000100   Zero   RW          208    .bss                aes.o
    0x4000062c   0x00000060   Zero   RW          269    .bss                libspace.o(c_t.l)
    0x4000068c   0x00000004   PAD
    0x40000690   0x00000000   Zero   RW            2    HEAP                lpc2300.o
    0x40000690   0x00000508   Zero   RW            1    STACK               lpc2300.o


================================================================================

Image component sizes


      Code (inc. data)   RO Data    RW Data    ZI Data      Debug   Object Name

      9408         40       2048       1020        256       4442   aes.o
       656         76          0         40        160       1590   demo.o
       392         24          0          2          0       1633   hiduser.o
       764         16         64          0          0       2978   lcd_4bit.o
       396         60          0          0       1288        538   lpc2300.o
      4320        188          0         36         64      16745   usbcore.o
         0          0        241          0          0        852   usbdesc.o
      1948         72          0          0          0       4746   usbhw.o
       208         12         64          0          0       2784   usbuser.o

    ------------------------------------------------------------------------
     18112        492       2452       1100       1768      36308   Object Totals
        20          4         32          0          0          0   (incl. Generated)
         0          0          3          2          0          0   (incl. Padding)

    ------------------------------------------------------------------------

      Code (inc. data)   RO Data    RW Data    ZI Data      Debug   Library Member Name

        92          0          0          0          0          0   __dczerorl2.o
         8          0          0          0          0          0   __main.o
        60          8          0          0          0          0   __scatter.o
        44          0          0          0          0          0   __scatter_zi.o
       384          0          0          0          0          0   aeabi_sdiv.o
        12          0          0          0          0          0   boardinit2.o
        16          0          0          0          0          0   boardinit3.o
        12          0          0          0          0          0   exit.o
        28          0          0          0          0          0   fpinit.o
       104          4          0          0          0          0   kernel.o
       234          4          0          0          0          0   lib_init.o
        12          4          0          0         96          0   libspace.o
         6          0          0          0          0          0   no_argv.o
        16          4          0          0          0          0   rt_fp_status_addr_intlibspace.o
        20          4          0          0          0          0   rt_locale_intlibspace.o
       100          0          0          0          0          0   rt_memcpy_w.o
        16          4          0          0          0          0   rt_stackheap_storage_intlibspace.o
        64          0          0          0          0          0   stkheap2.o
        24          8          0          0          0          0   sys_exit.o
        96          0          0          0          0          0   sys_stackheap_outer.o
        32          0          0          0          0          0   uread4.o
         4          0          0          0          0          0   use_no_semi.o
        32          0          0          0          0          0   uwrite4.o

    ------------------------------------------------------------------------
      1420         40          0          0        100          0   Library Totals
         4          0          0          0          4          0   (incl. Padding)

    ------------------------------------------------------------------------

      Code (inc. data)   RO Data    RW Data    ZI Data      Debug   Library Name

      1388         40          0          0         96          0   c_t.l
        28          0          0          0          0          0   fz_ts.l

    ------------------------------------------------------------------------
      1420         40          0          0        100          0   Library Totals

    ------------------------------------------------------------------------

================================================================================


      Code (inc. data)   RO Data    RW Data    ZI Data      Debug   

     19532        532       2452       1100       1868      36308   Grand Totals
     19532        532       2452        136       1868      36308   ELF Image Totals (compressed)
     19532        532       2452        136          0          0   ROM Totals

================================================================================

    Total RO  Size (Code + RO Data)                21984 (  21.47kB)
    Total RW  Size (RW Data + ZI Data)              2968 (   2.90kB)
    Total ROM Size (Code + RO Data + RW Data)      22120 (  21.60kB)

================================================================================

