ARM Linker, RVCT3.1 [Build 919] for uVision [Standard]

================================================================================

Section Cross References

    lpc2300.o(RESET) refers to lpc2300.o(STACK) for Stack_Top
    lpc2300.o(RESET) refers to entry.o($$startup$$) for __main
    usbcore.o(.text) refers to usbhw.o(.text) for USB_ReadEP
    usbcore.o(.text) refers to usbcore.o(i.USB_GetStatus) for USB_GetStatus
    usbcore.o(.text) refers to usbcore.o(i.USB_SetClrFeature) for USB_SetClrFeature
    usbcore.o(.text) refers to usbcore.o(i.USB_GetDescriptor) for USB_GetDescriptor
    usbcore.o(.text) refers to usbcore.o(i.USB_SetConfiguration) for USB_SetConfiguration
    usbcore.o(.text) refers to usbuser.o(.text) for USB_Configure_Event
    usbcore.o(.text) refers to usbcore.o(i.USB_SetInterface) for USB_SetInterface
    usbcore.o(.text) refers to vendorprocess.o(.text) for VendorSetupStage
    usbcore.o(.text) refers to usbcore.o(.data) for USB_DeviceStatus
    usbcore.o(.text) refers to usbcore.o(.bss) for EP0Buf
    usbhw.o(.text) refers to usbuser.o(.text) for USB_Reset_Event
    usbhw.o(.text) refers to seriallogger.o(.text) for PLog
    usbhw.o(.text) refers to usbuser.o(.constdata) for USB_P_EP
    usbhw.o(.text) refers to usbcore.o(.data) for USB_DeviceStatus
    usbhw.o(.text) refers to uwrite4.o(.text) for __aeabi_uwrite4
    usbhw.o(.text) refers to uread4.o(.text) for __aeabi_uread4
    usbuser.o(.text) refers to usbcore.o(.text) for USB_ResetCore
    usbuser.o(.text) refers to vendorprocess.o(.text) for Bulk2In
    usbuser.o(.text) refers to usbcore.o(.data) for USB_Configuration
    usbuser.o(.constdata) refers to usbcore.o(.text) for USB_EndPoint0
    usbuser.o(.constdata) refers to usbuser.o(.text) for USB_EndPoint2
    memory.o(.text) refers to seriallogger.o(.text) for init_serial
    memory.o(.text) refers to nhac.o(.text) for InitSong
    memory.o(.text) refers to lcd_4bit.o(.text) for lcd_init
    memory.o(.text) refers to usbhw.o(.text) for USB_Init
    lcd_4bit.o(.text) refers to lcd_4bit.o(.constdata) for UserFont
    seriallogger.o(.text) refers to strlen.o(.text) for strlen
    seriallogger.o(.text) refers to idiv.o(.text) for __aeabi_idivmod
    seriallogger.o(.text) refers to seriallogger.o(.data) for USE_SERIAL_LOGGER
    vendorprocess.o(.text) refers to usbhw.o(.text) for USB_ReadEP
    vendorprocess.o(.text) refers to memcpya.o(.text) for __aeabi_memcpy
    vendorprocess.o(.text) refers to memseta.o(.text) for __aeabi_memclr
    vendorprocess.o(.text) refers to lcd_4bit.o(.text) for lcd_print
    vendorprocess.o(.text) refers to usbcore.o(.text) for USB_DataInStage
    vendorprocess.o(.text) refers to nhac.o(.text) for NhacOn
    vendorprocess.o(.text) refers to seriallogger.o(.text) for PLogN
    vendorprocess.o(.text) refers to vendorprocess.o(.bss) for BulkBuf
    vendorprocess.o(.text) refers to vendorprocess.o(.data) for BulkLen
    vendorprocess.o(.text) refers to usbcore.o(.data) for EP0Data
    vendorprocess.o(.text) refers to nhac.o(.data) for volume
    nhac.o(.text) refers to memcpya.o(.text) for __aeabi_memcpy
    nhac.o(.text) refers to nhac.o(.data) for count
    nhac.o(.text) refers to nhac.o(.bss) for iSongSize
    nhac.o(.data) refers to nhac.o(.bss) for song_custom
    entry.o($$startup$$) refers to init.o(.text) for __init
    entry.o($$startup$$) refers to lpc2300.o(STACK) for __initial_sp
    idiv.o(.text) refers to uidiv.o(.text) for __aeabi_uidivmod
    init.o(.text) refers to callvia.o(.text) for __ARM_call_via_r3
    init.o(.text) refers to init.o(.emb_text) for __call_main
    init.o(.text) refers to memory.o(.text) for main
    usbcore.o(i.USB_GetStatus) refers to usbcore.o(.text) for USB_DataInStage
    usbcore.o(i.USB_GetStatus) refers to usbcore.o(.data) for SetupPacket
    usbcore.o(i.USB_GetStatus) refers to usbcore.o(.bss) for EP0Buf
    usbcore.o(i.USB_SetClrFeature) refers to usbhw.o(.text) for USB_WakeUpCfg
    usbcore.o(i.USB_SetClrFeature) refers to usbcore.o(.data) for SetupPacket
    usbcore.o(i.USB_GetDescriptor) refers to usbcore.o(.text) for USB_DataInStage
    usbcore.o(i.USB_GetDescriptor) refers to usbcore.o(.data) for SetupPacket
    usbcore.o(i.USB_GetDescriptor) refers to usbdesc.o(.constdata) for USB_DeviceDescriptor
    usbcore.o(i.USB_SetConfiguration) refers to usbhw.o(.text) for USB_DisableEP
    usbcore.o(i.USB_SetConfiguration) refers to usbcore.o(.data) for SetupPacket
    usbcore.o(i.USB_SetConfiguration) refers to usbdesc.o(.constdata) for USB_ConfigDescriptor
    usbcore.o(i.USB_SetInterface) refers to usbhw.o(.text) for USB_ConfigEP
    usbcore.o(i.USB_SetInterface) refers to usbcore.o(.data) for USB_Configuration
    usbcore.o(i.USB_SetInterface) refers to usbdesc.o(.constdata) for USB_ConfigDescriptor


================================================================================

Removing Unused input sections from the image.

    Removing lpc2300.o(HEAP), (0 bytes).

1 unused section(s) (total 0 bytes) removed from the image.

================================================================================

Adding Veneers to the image

    Adding AT veneer (8 bytes, Inline) for call to '__init' from entry.o($$startup$$).
    Adding AT veneer (8 bytes, Inline) for call to '__aeabi_uwrite4' from usbhw.o(.text).
    Adding AT veneer (8 bytes, Inline) for call to '__aeabi_uread4' from usbhw.o(.text).
    Adding AT veneer (8 bytes, Inline) for call to 'strlen' from seriallogger.o(.text).
    Adding AT veneer (8 bytes, Inline) for call to '__aeabi_memclr' from vendorprocess.o(.text).
    Adding AT veneer (8 bytes, Inline) for call to '__aeabi_memcpy' from vendorprocess.o(.text).
    Adding AT veneer (8 bytes, Inline) for call to '__aeabi_idivmod' from seriallogger.o(.text).

7 Veneer(s) (total 56 bytes) added to the image.

================================================================================

Image Symbol Table

    Local Symbols

    Symbol Name                              Value     Ov Type        Size  Object(Section)

    RESET                                    0x00000000   Section      356  lpc2300.o(RESET)
    ../../../cmprslib/zerorunl2.c            0x00000000   Number         0  __dczerorl2.o ABSOLUTE
    ../../microlib/division.c                0x00000000   Number         0  idiv.o ABSOLUTE
    ../../microlib/division.c                0x00000000   Number         0  uidiv.o ABSOLUTE
    ../../microlib/init/entry.s              0x00000000   Number         0  entry.o ABSOLUTE
    ../../microlib/init/handlers.c           0x00000000   Number         0  handlers.o ABSOLUTE
    ../../microlib/init/init.c               0x00000000   Number         0  init.o ABSOLUTE
    ../../microlib/string/memcpy.c           0x00000000   Number         0  memcpya.o ABSOLUTE
    ../../microlib/string/memcpy.c           0x00000000   Number         0  memcpyb.o ABSOLUTE
    ../../microlib/string/memset.c           0x00000000   Number         0  memseta.o ABSOLUTE
    ../../microlib/string/strlen.c           0x00000000   Number         0  strlen.o ABSOLUTE
    ../../microlib/unhosted.c                0x00000000   Number         0  uread4.o ABSOLUTE
    ../../microlib/unhosted.c                0x00000000   Number         0  uwrite4.o ABSOLUTE
    ../../unhosted.s                         0x00000000   Number         0  callvia.o ABSOLUTE
    LCD_4bit.c                               0x00000000   Number         0  lcd_4bit.o ABSOLUTE
    LPC2300.s                                0x00000000   Number         0  lpc2300.o ABSOLUTE
    Nhac.c                                   0x00000000   Number         0  nhac.o ABSOLUTE
    SerialLogger.c                           0x00000000   Number         0  seriallogger.o ABSOLUTE
    VendorProcess.c                          0x00000000   Number         0  vendorprocess.o ABSOLUTE
    dc.s                                     0x00000000   Number         0  dc.o ABSOLUTE
    memory.c                                 0x00000000   Number         0  memory.o ABSOLUTE
    usbcore.c                                0x00000000   Number         0  usbcore.o ABSOLUTE
    usbdesc.c                                0x00000000   Number         0  usbdesc.o ABSOLUTE
    usbhw.c                                  0x00000000   Number         0  usbhw.o ABSOLUTE
    usbuser.c                                0x00000000   Number         0  usbuser.o ABSOLUTE
    Undef_Handler                            0x00000040   ARM Code       4  lpc2300.o(RESET)
    SWI_Handler                              0x00000044   ARM Code       4  lpc2300.o(RESET)
    PAbt_Handler                             0x00000048   ARM Code       4  lpc2300.o(RESET)
    DAbt_Handler                             0x0000004c   ARM Code       4  lpc2300.o(RESET)
    IRQ_Handler                              0x00000050   ARM Code       4  lpc2300.o(RESET)
    FIQ_Handler                              0x00000054   ARM Code       4  lpc2300.o(RESET)
    $$startup$$                              0x00000164   Section       12  entry.o($$startup$$)
    .emb_text                                0x00000170   Section        2  init.o(.emb_text)
    .text                                    0x00000174   Section     1452  usbcore.o(.text)
    .text                                    0x00000720   Section     2024  usbhw.o(.text)
    .text                                    0x00000f08   Section      244  usbuser.o(.text)
    .text                                    0x00000ffc   Section      264  memory.o(.text)
    .text                                    0x00001104   Section      764  lcd_4bit.o(.text)
    delay                                    0x00001104   ARM Code      24  lcd_4bit.o(.text)
    lcd_read_status                          0x0000111c   ARM Code     188  lcd_4bit.o(.text)
    wait_while_busy                          0x000011d8   ARM Code      36  lcd_4bit.o(.text)
    lcd_write_data                           0x00001280   ARM Code      48  lcd_4bit.o(.text)
    .text                                    0x00001400   Section     1056  seriallogger.o(.text)
    .text                                    0x00001820   Section      940  vendorprocess.o(.text)
    .text                                    0x00001bcc   Section      628  nhac.o(.text)
    .text                                    0x00001e48   Section       44  idiv.o(.text)
    .text                                    0x00001e7c   Section       36  memcpya.o(.text)
    .text                                    0x00001ea8   Section       44  memseta.o(.text)
    .text                                    0x00001edc   Section       16  strlen.o(.text)
    .text                                    0x00001ef4   Section       18  uread4.o(.text)
    .text                                    0x00001f10   Section       18  uwrite4.o(.text)
    .text                                    0x00001f2c   Section       40  init.o(.text)
    .text                                    0x00001f54   Section       40  uidiv.o(.text)
    .text                                    0x00001f7c   Section       16  callvia.o(.text)
    .text                                    0x00001f8c   Section      116  __dczerorl2.o(.text)
    i.USB_GetDescriptor                      0x00002000   Section      364  usbcore.o(i.USB_GetDescriptor)
    i.USB_GetStatus                          0x0000216c   Section      388  usbcore.o(i.USB_GetStatus)
    i.USB_SetClrFeature                      0x000022f0   Section      408  usbcore.o(i.USB_SetClrFeature)
    i.USB_SetConfiguration                   0x00002488   Section      680  usbcore.o(i.USB_SetConfiguration)
    i.USB_SetInterface                       0x00002730   Section      476  usbcore.o(i.USB_SetInterface)
    i.__scatterload_copy                     0x0000290c   Section       24  handlers.o(i.__scatterload_copy)
    i.__scatterload_null                     0x00002924   Section        4  handlers.o(i.__scatterload_null)
    i.__scatterload_zeroinit                 0x00002928   Section       24  handlers.o(i.__scatterload_zeroinit)
    .constdata                               0x00002940   Section      210  usbdesc.o(.constdata)
    .constdata                               0x00002a14   Section       64  usbuser.o(.constdata)
    .constdata                               0x00002a54   Section       64  lcd_4bit.o(.constdata)
    .data                                    0x40000000   Section       36  usbcore.o(.data)
    .data                                    0x40000024   Section        4  seriallogger.o(.data)
    .data                                    0x40000028   Section        3  vendorprocess.o(.data)
    .data                                    0x4000002c   Section     1192  nhac.o(.data)
    .bss                                     0x400004d4   Section       64  usbcore.o(.bss)
    .bss                                     0x40000514   Section      593  vendorprocess.o(.bss)
    .bss                                     0x40000768   Section      524  nhac.o(.bss)
    STACK                                    0x40000978   Section     1288  lpc2300.o(STACK)
    Stack_Top                                0x40000e80   Number         0  lpc2300.o(STACK)

    Global Symbols

    Symbol Name                              Value     Ov Type        Size  Object(Section)

    BuildAttributes$$THM_ISAv1$ARM_ISAv4$M$S$PE$A:L22$X:L11$S22$IEEE1$IW$USESV6$~STKCKD$USESV7$~SHL$OSPACE$EBA8$MICROLIB$REQ8$EABIv2 0x00000000   Number         0  anon$$obj.o ABSOLUTE
    __ARM_use_no_argv                        0x00000000   Number         0  memory.o ABSOLUTE
    Reset_Handler                            0x00000058   ARM Code       0  lpc2300.o(RESET)
    __main                                   0x00000164   ARM Code       8  entry.o($$startup$$)
    __call_main                              0x00000171   Thumb Code     2  init.o(.emb_text)
    USB_ResetCore                            0x00000174   ARM Code      56  usbcore.o(.text)
    USB_SetupStage                           0x000001ac   ARM Code      24  usbcore.o(.text)
    USB_DataInStage                          0x000001c4   ARM Code     104  usbcore.o(.text)
    USB_DataOutStage                         0x0000022c   ARM Code      68  usbcore.o(.text)
    USB_StatusInStage                        0x00000270   ARM Code      28  usbcore.o(.text)
    USB_StatusOutStage                       0x0000028c   ARM Code      24  usbcore.o(.text)
    USB_EndPoint0                            0x000002a4   ARM Code    1104  usbcore.o(.text)
    EPAdr                                    0x00000720   ARM Code      28  usbhw.o(.text)
    WrCmd                                    0x0000073c   ARM Code      44  usbhw.o(.text)
    WrCmdDat                                 0x00000768   ARM Code      84  usbhw.o(.text)
    RdCmdDat                                 0x000007bc   ARM Code      56  usbhw.o(.text)
    USB_SetAddress                           0x000007f4   ARM Code      56  usbhw.o(.text)
    USB_Reset                                0x0000082c   ARM Code      88  usbhw.o(.text)
    USB_Resume                               0x00000884   ARM Code       4  usbhw.o(.text)
    USB_Suspend                              0x00000888   ARM Code       4  usbhw.o(.text)
    USB_ISR                                  0x0000088c   ARM Code     396  usbhw.o(.text)
    USB_Init                                 0x00000a18   ARM Code     268  usbhw.o(.text)
    USB_Connect                              0x00000b24   ARM Code      52  usbhw.o(.text)
    USB_WakeUp                               0x00000b58   ARM Code      40  usbhw.o(.text)
    USB_WakeUpCfg                            0x00000b80   ARM Code       4  usbhw.o(.text)
    USB_Configure                            0x00000b84   ARM Code     168  usbhw.o(.text)
    USB_ConfigEP                             0x00000c2c   ARM Code     112  usbhw.o(.text)
    USB_DirCtrlEP                            0x00000c9c   ARM Code       4  usbhw.o(.text)
    USB_EnableEP                             0x00000ca0   ARM Code      44  usbhw.o(.text)
    USB_DisableEP                            0x00000ccc   ARM Code      44  usbhw.o(.text)
    USB_ResetEP                              0x00000cf8   ARM Code      44  usbhw.o(.text)
    USB_SetStallEP                           0x00000d24   ARM Code      44  usbhw.o(.text)
    USB_ClrStallEP                           0x00000d50   ARM Code      44  usbhw.o(.text)
    USB_ReadEP                               0x00000d7c   ARM Code     176  usbhw.o(.text)
    USB_WriteEP                              0x00000e2c   ARM Code     144  usbhw.o(.text)
    USB_GetFrame                             0x00000ebc   ARM Code      48  usbhw.o(.text)
    USB_Reset_Event                          0x00000f08   ARM Code      28  usbuser.o(.text)
    USB_Suspend_Event                        0x00000f24   ARM Code      16  usbuser.o(.text)
    USB_Resume_Event                         0x00000f34   ARM Code      16  usbuser.o(.text)
    USB_Configure_Event                      0x00000f44   ARM Code      48  usbuser.o(.text)
    USB_Interface_Event                      0x00000f74   ARM Code       4  usbuser.o(.text)
    USB_EndPoint1                            0x00000f78   ARM Code       4  usbuser.o(.text)
    USB_EndPoint2                            0x00000f7c   ARM Code      68  usbuser.o(.text)
    USB_EndPoint3                            0x00000fc0   ARM Code       4  usbuser.o(.text)
    USB_EndPoint4                            0x00000fc4   ARM Code       4  usbuser.o(.text)
    USB_EndPoint5                            0x00000fc8   ARM Code       4  usbuser.o(.text)
    USB_EndPoint6                            0x00000fcc   ARM Code       4  usbuser.o(.text)
    USB_EndPoint7                            0x00000fd0   ARM Code       4  usbuser.o(.text)
    USB_EndPoint8                            0x00000fd4   ARM Code       4  usbuser.o(.text)
    USB_EndPoint9                            0x00000fd8   ARM Code       4  usbuser.o(.text)
    USB_EndPoint10                           0x00000fdc   ARM Code       4  usbuser.o(.text)
    USB_EndPoint11                           0x00000fe0   ARM Code       4  usbuser.o(.text)
    USB_EndPoint12                           0x00000fe4   ARM Code       4  usbuser.o(.text)
    USB_EndPoint13                           0x00000fe8   ARM Code       4  usbuser.o(.text)
    USB_EndPoint14                           0x00000fec   ARM Code       4  usbuser.o(.text)
    USB_EndPoint15                           0x00000ff0   ARM Code       4  usbuser.o(.text)
    LED_Init                                 0x00000ffc   ARM Code      36  memory.o(.text)
    LED_On                                   0x00001020   ARM Code      20  memory.o(.text)
    LED_Off                                  0x00001034   ARM Code      20  memory.o(.text)
    LED_Out                                  0x00001048   ARM Code      24  memory.o(.text)
    main                                     0x00001060   ARM Code     100  memory.o(.text)
    lcd_write_4bit                           0x000011fc   ARM Code      84  lcd_4bit.o(.text)
    lcd_write_cmd                            0x00001250   ARM Code      48  lcd_4bit.o(.text)
    lcd_putchar                              0x000012b0   ARM Code      24  lcd_4bit.o(.text)
    lcd_init                                 0x000012c8   ARM Code     176  lcd_4bit.o(.text)
    set_cursor                               0x00001378   ARM Code      48  lcd_4bit.o(.text)
    lcd_clear                                0x000013a8   ARM Code      32  lcd_4bit.o(.text)
    lcd_print                                0x000013c8   ARM Code      40  lcd_4bit.o(.text)
    init_serial                              0x00001400   ARM Code      68  seriallogger.o(.text)
    sendchar                                 0x00001444   ARM Code      32  seriallogger.o(.text)
    getkey                                   0x00001464   ARM Code      32  seriallogger.o(.text)
    newline                                  0x00001484   ARM Code      28  seriallogger.o(.text)
    sendstring                               0x000014a0   ARM Code      64  seriallogger.o(.text)
    getstring                                0x000014e0   ARM Code     168  seriallogger.o(.text)
    reverse                                  0x00001588   ARM Code      68  seriallogger.o(.text)
    itoa                                     0x000015cc   ARM Code     132  seriallogger.o(.text)
    getnumber                                0x00001650   ARM Code     296  seriallogger.o(.text)
    PLog                                     0x00001778   ARM Code      48  seriallogger.o(.text)
    PLogN                                    0x000017a8   ARM Code      44  seriallogger.o(.text)
    PLogNum                                  0x000017d4   ARM Code      64  seriallogger.o(.text)
    Bulk2Out                                 0x00001820   ARM Code      92  vendorprocess.o(.text)
    Bulk2In                                  0x0000187c   ARM Code      64  vendorprocess.o(.text)
    LCD_print                                0x000018bc   ARM Code     116  vendorprocess.o(.text)
    VendorSetupStage                         0x00001930   ARM Code     384  vendorprocess.o(.text)
    VendorDataStage                          0x00001ab0   ARM Code     208  vendorprocess.o(.text)
    ChayNhac                                 0x00001bcc   ARM Code     308  nhac.o(.text)
    InitSong                                 0x00001d00   ARM Code     124  nhac.o(.text)
    NhacOn                                   0x00001d7c   ARM Code      44  nhac.o(.text)
    NhacOff                                  0x00001da8   ARM Code      32  nhac.o(.text)
    NhacCustom                               0x00001dc8   ARM Code      52  nhac.o(.text)
    Inline ARM to Thumb Veneer to __aeabi_idivmod 0x00001e40   ARM Code       0  idiv.o(.text)
    __aeabi_idiv                             0x00001e49   Thumb Code     0  idiv.o(.text)
    __aeabi_idivmod                          0x00001e49   Thumb Code    44  idiv.o(.text)
    Inline ARM to Thumb Veneer to __aeabi_memcpy 0x00001e74   ARM Code       0  memcpya.o(.text)
    __aeabi_memcpy                           0x00001e7d   Thumb Code    36  memcpya.o(.text)
    __aeabi_memcpy4                          0x00001e7d   Thumb Code     0  memcpya.o(.text)
    __aeabi_memcpy8                          0x00001e7d   Thumb Code     0  memcpya.o(.text)
    Inline ARM to Thumb Veneer to __aeabi_memclr 0x00001ea0   ARM Code       0  memseta.o(.text)
    __aeabi_memset                           0x00001ea9   Thumb Code    16  memseta.o(.text)
    __aeabi_memset4                          0x00001ea9   Thumb Code     0  memseta.o(.text)
    __aeabi_memset8                          0x00001ea9   Thumb Code     0  memseta.o(.text)
    __aeabi_memclr                           0x00001eb9   Thumb Code     4  memseta.o(.text)
    __aeabi_memclr4                          0x00001eb9   Thumb Code     0  memseta.o(.text)
    __aeabi_memclr8                          0x00001eb9   Thumb Code     0  memseta.o(.text)
    _memset_wrapper                          0x00001ebd   Thumb Code    24  memseta.o(.text)
    Inline ARM to Thumb Veneer to strlen     0x00001ed4   ARM Code       0  strlen.o(.text)
    strlen                                   0x00001edd   Thumb Code    16  strlen.o(.text)
    Inline ARM to Thumb Veneer to __aeabi_uread4 0x00001eec   ARM Code       0  uread4.o(.text)
    __aeabi_uread4                           0x00001ef5   Thumb Code    18  uread4.o(.text)
    __rt_uread4                              0x00001ef5   Thumb Code     0  uread4.o(.text)
    _uread4                                  0x00001ef5   Thumb Code     0  uread4.o(.text)
    Inline ARM to Thumb Veneer to __aeabi_uwrite4 0x00001f08   ARM Code       0  uwrite4.o(.text)
    __aeabi_uwrite4                          0x00001f11   Thumb Code    18  uwrite4.o(.text)
    __rt_uwrite4                             0x00001f11   Thumb Code     0  uwrite4.o(.text)
    _uwrite4                                 0x00001f11   Thumb Code     0  uwrite4.o(.text)
    Inline ARM to Thumb Veneer to __init     0x00001f24   ARM Code       0  init.o(.text)
    __init                                   0x00001f2d   Thumb Code    26  init.o(.text)
    __scatterload_rt2                        0x00001f2d   Thumb Code     0  init.o(.text)
    __aeabi_uidiv                            0x00001f55   Thumb Code     0  uidiv.o(.text)
    __aeabi_uidivmod                         0x00001f55   Thumb Code    40  uidiv.o(.text)
    __ARM_call_via_r0                        0x00001f7d   Thumb Code     2  callvia.o(.text)
    __call_via_r0                            0x00001f7d   Thumb Code     0  callvia.o(.text)
    __ARM_call_via_r1                        0x00001f7f   Thumb Code     2  callvia.o(.text)
    __call_via_r1                            0x00001f7f   Thumb Code     0  callvia.o(.text)
    __ARM_call_via_r2                        0x00001f81   Thumb Code     2  callvia.o(.text)
    __call_via_r2                            0x00001f81   Thumb Code     0  callvia.o(.text)
    __ARM_call_via_r3                        0x00001f83   Thumb Code     2  callvia.o(.text)
    __call_via_r3                            0x00001f83   Thumb Code     0  callvia.o(.text)
    __ARM_call_via_r4                        0x00001f85   Thumb Code     2  callvia.o(.text)
    __call_via_r4                            0x00001f85   Thumb Code     0  callvia.o(.text)
    __ARM_call_via_r5                        0x00001f87   Thumb Code     2  callvia.o(.text)
    __call_via_r5                            0x00001f87   Thumb Code     0  callvia.o(.text)
    __ARM_call_via_r6                        0x00001f89   Thumb Code     2  callvia.o(.text)
    __call_via_r6                            0x00001f89   Thumb Code     0  callvia.o(.text)
    __ARM_call_via_r7                        0x00001f8b   Thumb Code     2  callvia.o(.text)
    __call_via_r7                            0x00001f8b   Thumb Code     0  callvia.o(.text)
    __decompress                             0x00001f8c   ARM Code       0  __dczerorl2.o(.text)
    __decompress1                            0x00001f8c   ARM Code     116  __dczerorl2.o(.text)
    USB_GetDescriptor                        0x00002000   ARM Code     344  usbcore.o(i.USB_GetDescriptor)
    USB_GetStatus                            0x0000216c   ARM Code     356  usbcore.o(i.USB_GetStatus)
    USB_SetClrFeature                        0x000022f0   ARM Code     388  usbcore.o(i.USB_SetClrFeature)
    USB_SetConfiguration                     0x00002488   ARM Code     644  usbcore.o(i.USB_SetConfiguration)
    USB_SetInterface                         0x00002730   ARM Code     452  usbcore.o(i.USB_SetInterface)
    __scatterload_copy                       0x0000290c   ARM Code      24  handlers.o(i.__scatterload_copy)
    __scatterload_null                       0x00002924   ARM Code       4  handlers.o(i.__scatterload_null)
    __scatterload_zeroinit                   0x00002928   ARM Code      24  handlers.o(i.__scatterload_zeroinit)
    USB_DeviceDescriptor                     0x00002940   Data          18  usbdesc.o(.constdata)
    USB_ConfigDescriptor                     0x00002952   Data          40  usbdesc.o(.constdata)
    USB_StringDescriptor                     0x0000297a   Data         152  usbdesc.o(.constdata)
    USB_P_EP                                 0x00002a14   Data          64  usbuser.o(.constdata)
    UserFont                                 0x00002a54   Data          64  lcd_4bit.o(.constdata)
    Region$$Table$$Base                      0x00002a94   Number         0  anon$$obj.o(Region$$Table)
    Region$$Table$$Limit                     0x00002ab4   Number         0  anon$$obj.o(Region$$Table)
    USB_DeviceStatus                         0x40000000   Data           2  usbcore.o(.data)
    USB_DeviceAddress                        0x40000002   Data           1  usbcore.o(.data)
    USB_Configuration                        0x40000003   Data           1  usbcore.o(.data)
    USB_EndPointMask                         0x40000004   Data           4  usbcore.o(.data)
    USB_EndPointHalt                         0x40000008   Data           4  usbcore.o(.data)
    USB_NumInterfaces                        0x4000000c   Data           1  usbcore.o(.data)
    USB_AltSetting                           0x4000000d   Data           4  usbcore.o(.data)
    EP0Data                                  0x40000014   Data           8  usbcore.o(.data)
    SetupPacket                              0x4000001c   Data           8  usbcore.o(.data)
    USE_SERIAL_LOGGER                        0x40000024   Data           4  seriallogger.o(.data)
    MemoryLen                                0x40000028   Data           1  vendorprocess.o(.data)
    BulkLen                                  0x40000029   Data           1  vendorprocess.o(.data)
    LED_status                               0x4000002a   Data           1  vendorprocess.o(.data)
    sine_table256                            0x4000002c   Data         512  nhac.o(.data)
    piano_Keys                               0x4000022c   Data         464  nhac.o(.data)
    song_lamb                                0x400003fc   Data         109  nhac.o(.data)
    song_joy                                 0x40000469   Data          63  nhac.o(.data)
    volume                                   0x400004a8   Data           4  nhac.o(.data)
    accum                                    0x400004ac   Data           4  nhac.o(.data)
    iPiano                                   0x400004b0   Data           4  nhac.o(.data)
    iSizePiano                               0x400004b4   Data           4  nhac.o(.data)
    count                                    0x400004b8   Data           4  nhac.o(.data)
    song                                     0x400004bc   Data          12  nhac.o(.data)
    iBaiHatA                                 0x400004c8   Data           4  nhac.o(.data)
    sample                                   0x400004cc   Data           4  nhac.o(.data)
    freq                                     0x400004d0   Data           4  nhac.o(.data)
    EP0Buf                                   0x400004d4   Data          64  usbcore.o(.bss)
    BulkBuf                                  0x40000514   Data          64  vendorprocess.o(.bss)
    BufferMemory                             0x40000554   Data         512  vendorprocess.o(.bss)
    LCD_Buffer                               0x40000754   Data          17  vendorprocess.o(.bss)
    song_custom                              0x40000768   Data         512  nhac.o(.bss)
    iSongSize                                0x40000968   Data          12  nhac.o(.bss)
    __initial_sp                             0x40000d78   Data         264  lpc2300.o(STACK)


================================================================================

Memory Map of the image

  Image Entry point : 0x00000000

  Load Region LR_IROM1 (Base: 0x00000000, Size: 0x00002f88, Max: 0x00080000, ABSOLUTE, COMPRESSED[0x00002de8])

    Execution Region ER_IROM1 (Base: 0x00000000, Size: 0x00002ab4, Max: 0x00080000, ABSOLUTE)

    Base Addr    Size         Type   Attr      Idx    E Section Name        Object

    0x00000000   0x00000164   Code   RO            3  * RESET               lpc2300.o
    0x00000164   0x0000000c   Code   RO          227  * $$startup$$         entry.o(mc_t.l)
    0x00000170   0x00000002   Code   RO          246    .emb_text           init.o(mc_t.l)
    0x00000172   0x00000002   PAD
    0x00000174   0x000005ac   Code   RO            9    .text               usbcore.o
    0x00000720   0x000007e8   Code   RO          108    .text               usbhw.o
    0x00000f08   0x000000f4   Code   RO          128    .text               usbuser.o
    0x00000ffc   0x00000108   Code   RO          149    .text               memory.o
    0x00001104   0x000002fc   Code   RO          165    .text               lcd_4bit.o
    0x00001400   0x00000420   Code   RO          179    .text               seriallogger.o
    0x00001820   0x000003ac   Code   RO          196    .text               vendorprocess.o
    0x00001bcc   0x00000274   Code   RO          212    .text               nhac.o
    0x00001e40   0x00000008   Ven    RO          231    .text               idiv.o(mc_t.l)
    0x00001e48   0x0000002c   Code   RO          231    .text               idiv.o(mc_t.l)
    0x00001e74   0x00000008   Ven    RO          233    .text               memcpya.o(mc_t.l)
    0x00001e7c   0x00000024   Code   RO          233    .text               memcpya.o(mc_t.l)
    0x00001ea0   0x00000008   Ven    RO          235    .text               memseta.o(mc_t.l)
    0x00001ea8   0x0000002c   Code   RO          235    .text               memseta.o(mc_t.l)
    0x00001ed4   0x00000008   Ven    RO          237    .text               strlen.o(mc_t.l)
    0x00001edc   0x00000010   Code   RO          237    .text               strlen.o(mc_t.l)
    0x00001eec   0x00000008   Ven    RO          241    .text               uread4.o(mc_t.l)
    0x00001ef4   0x00000012   Code   RO          241    .text               uread4.o(mc_t.l)
    0x00001f06   0x00000002   PAD
    0x00001f08   0x00000008   Ven    RO          243    .text               uwrite4.o(mc_t.l)
    0x00001f10   0x00000012   Code   RO          243    .text               uwrite4.o(mc_t.l)
    0x00001f22   0x00000002   PAD
    0x00001f24   0x00000008   Ven    RO          245    .text               init.o(mc_t.l)
    0x00001f2c   0x00000028   Code   RO          245    .text               init.o(mc_t.l)
    0x00001f54   0x00000028   Code   RO          249    .text               uidiv.o(mc_t.l)
    0x00001f7c   0x00000010   Code   RO          251    .text               callvia.o(h_t.l)
    0x00001f8c   0x00000074   Code   RO          259    .text               __dczerorl2.o(mc_t.l)
    0x00002000   0x0000016c   Code   RO           35    i.USB_GetDescriptor  usbcore.o
    0x0000216c   0x00000184   Code   RO           21    i.USB_GetStatus     usbcore.o
    0x000022f0   0x00000198   Code   RO           28    i.USB_SetClrFeature  usbcore.o
    0x00002488   0x000002a8   Code   RO           42    i.USB_SetConfiguration  usbcore.o
    0x00002730   0x000001dc   Code   RO           49    i.USB_SetInterface  usbcore.o
    0x0000290c   0x00000018   Code   RO          253    i.__scatterload_copy  handlers.o(mc_t.l)
    0x00002924   0x00000004   Code   RO          255    i.__scatterload_null  handlers.o(mc_t.l)
    0x00002928   0x00000018   Code   RO          254    i.__scatterload_zeroinit  handlers.o(mc_t.l)
    0x00002940   0x000000d2   Data   RO           95    .constdata          usbdesc.o
    0x00002a12   0x00000002   PAD
    0x00002a14   0x00000040   Data   RO          129    .constdata          usbuser.o
    0x00002a54   0x00000040   Data   RO          166    .constdata          lcd_4bit.o
    0x00002a94   0x00000020   Data   RO          252    Region$$Table       anon$$obj.o


    Execution Region RW_IRAM1 (Base: 0x40000000, Size: 0x00000e80, Max: 0x00008000, ABSOLUTE, COMPRESSED[0x00000334])

    Base Addr    Size         Type   Attr      Idx    E Section Name        Object

    0x40000000   0x00000024   Data   RW           10    .data               usbcore.o
    0x40000024   0x00000004   Data   RW          180    .data               seriallogger.o
    0x40000028   0x00000003   Data   RW          197    .data               vendorprocess.o
    0x4000002b   0x00000001   PAD
    0x4000002c   0x000004a8   Data   RW          213    .data               nhac.o
    0x400004d4   0x00000040   Zero   RW           11    .bss                usbcore.o
    0x40000514   0x00000251   Zero   RW          198    .bss                vendorprocess.o
    0x40000765   0x00000003   PAD
    0x40000768   0x0000020c   Zero   RW          214    .bss                nhac.o
    0x40000974   0x00000004   PAD
    0x40000978   0x00000508   Zero   RW            1    STACK               lpc2300.o


================================================================================

Image component sizes


      Code (inc. data)   RO Data    RW Data    ZI Data      Debug   Object Name

       764         16         64          0          0       2948   lcd_4bit.o
       356         48          0          0       1288        302   lpc2300.o
       264         64          0          0          0        798   memory.o
       628         68          0       1192        524       1911   nhac.o
      1056         12          0          4          0       2722   seriallogger.o
      3768        176          0         36         64      15992   usbcore.o
         0          0        210          0          0        681   usbdesc.o
      2024        100          0          0          0       4775   usbhw.o
       244          8         64          0          0       3029   usbuser.o
       940         76          0          3        593       2127   vendorprocess.o

    ------------------------------------------------------------------------
     10044        568        372       1236       2476      35288   Object Totals
         0          0         32          0          0          0   (incl. Generated)
         0          0          2          1          7          3   (incl. Padding)

    ------------------------------------------------------------------------

      Code (inc. data)   RO Data    RW Data    ZI Data      Debug   Library Member Name

       116          0          0          0          0          0   __dczerorl2.o
        16          0          0          0          0          0   callvia.o
        12          4          0          0          0          0   entry.o
        52          0          0          0          0          0   handlers.o
        52          0          0          0          0          0   idiv.o
        50         14          0          0          0          0   init.o
        44          0          0          0          0          0   memcpya.o
        52          0          0          0          0          0   memseta.o
        24          0          0          0          0          0   strlen.o
        40          0          0          0          0          0   uidiv.o
        26          0          0          0          0          0   uread4.o
        26          0          0          0          0          0   uwrite4.o

    ------------------------------------------------------------------------
       516         18          0          0          0          0   Library Totals
         6          0          0          0          0          0   (incl. Padding)

    ------------------------------------------------------------------------

      Code (inc. data)   RO Data    RW Data    ZI Data      Debug   Library Name

        16          0          0          0          0          0   h_t.l
       494         18          0          0          0          0   mc_t.l

    ------------------------------------------------------------------------
       516         18          0          0          0          0   Library Totals

    ------------------------------------------------------------------------

================================================================================


      Code (inc. data)   RO Data    RW Data    ZI Data      Debug   

     10560        586        372       1236       2476      35288   Grand Totals
     10560        586        372        820       2476      35288   ELF Image Totals (compressed)
     10560        586        372        820          0          0   ROM Totals

================================================================================

    Total RO  Size (Code + RO Data)                10932 (  10.68kB)
    Total RW  Size (RW Data + ZI Data)              3712 (   3.63kB)
    Total ROM Size (Code + RO Data + RW Data)      11752 (  11.48kB)

================================================================================

