<html>
<body>
<pre>
<h1>µVision3 Build Log</h1>
<h2>Project:</h2>
H:\SELAB\Dongle\Source\AES\AES.uv2
Project File Date:  10/03/2010

<h2>Output:</h2>
Build target 'Target 1'
assembling LPC2300.s...
compiling main.c...
compiling aes.c...
linking...
Program Size: Code=12292 RO-data=2096 RW-data=1020 ZI-data=1644  
"AES.axf" - 0 Error(s), 0 Warning(s).
"LPC210x_ISP.EXE" "H:\SELAB\Dongle\Source\AES\AES.HEX" 12000 LPC2378 COM1: 38400 1
--- Error: failed to execute '"LPC210x_ISP.EXE" "H:\SELAB\Dongle\Source\AES\AES.HEX" 12000 LPC2378 COM1: 38400 1'
Build target 'Target 1'
assembling LPC2300.s...
compiling main.c...
compiling aes.c...
linking...
Program Size: Code=12292 RO-data=2096 RW-data=1020 ZI-data=1644  
"AES.axf" - 0 Error(s), 0 Warning(s).
Load "H:\\SELAB\\Dongle\\Source\\AES\\AES.AXF" 
No Algorithm found for: 00000000H - 000038A7H
Erase skipped!
</pre>
</body>
</html>
