<html>
<body>
<pre>
<h1>µVision3 Build Log</h1>
<h2>Project:</h2>
D:\Long\WorkingSet\Experiment\Source\Firmware\Memory.uv2
Project File Date:  06/02/2009

<h2>Output:</h2>
Build target 'MCB2300 Board'
assembling LPC2300.s...
compiling usbcore.c...
compiling usbdesc.c...
compiling usbhw.c...
compiling usbuser.c...
compiling memory.c...
compiling LCD_4bit.c...
compiling SerialLogger.c...
compiling VendorProcess.c...
compiling Nhac.c...
linking...
Program Size: Code=10548 RO-data=372 RW-data=1236 ZI-data=2476  
".\Obj\Memory.axf" - 0 Error(s), 0 Warning(s).
Load "D:\\Long\\WorkingSet\\Experiment\\Source\\Firmware\\Obj\\Memory.AXF" 
Erase Done.
Programming Done.
Verify OK.
Build target 'MCB2300 Board'
assembling LPC2300.s...
compiling usbcore.c...
compiling usbdesc.c...
compiling usbhw.c...
compiling usbuser.c...
compiling memory.c...
compiling LCD_4bit.c...
compiling SerialLogger.c...
compiling VendorProcess.c...
compiling Nhac.c...
linking...
Program Size: Code=10560 RO-data=372 RW-data=1236 ZI-data=2476  
".\Obj\Memory.axf" - 0 Error(s), 0 Warning(s).
Load "D:\\Long\\WorkingSet\\Experiment\\Source\\Firmware\\Obj\\Memory.AXF" 
Erase Done.
Programming Done.
Verify OK.
Build target 'MCB2300 Board'
assembling LPC2300.s...
compiling usbcore.c...
compiling usbdesc.c...
compiling usbhw.c...
compiling usbuser.c...
compiling memory.c...
compiling LCD_4bit.c...
compiling SerialLogger.c...
compiling VendorProcess.c...
compiling Nhac.c...
linking...
Program Size: Code=10560 RO-data=372 RW-data=1236 ZI-data=2476  
".\Obj\Memory.axf" - 0 Error(s), 0 Warning(s).
Load "D:\\Long\\WorkingSet\\Experiment\\Source\\Firmware\\Obj\\Memory.AXF" 
USB Communication Failure
Load "D:\\Long\\WorkingSet\\Experiment\\Source\\Firmware\\Obj\\Memory.AXF" 
Erase Done.
Programming Done.
Verify OK.
Build target 'MCB2300 Board'
assembling LPC2300.s...
compiling usbcore.c...
compiling usbdesc.c...
compiling usbhw.c...
compiling usbuser.c...
compiling memory.c...
compiling LCD_4bit.c...
compiling SerialLogger.c...
compiling VendorProcess.c...
compiling Nhac.c...
linking...
Program Size: Code=10560 RO-data=372 RW-data=1236 ZI-data=2476  
".\Obj\Memory.axf" - 0 Error(s), 0 Warning(s).
Load "D:\\Long\\WorkingSet\\Experiment\\Source\\Firmware\\Obj\\Memory.AXF" 
Erase Done.
Programming Done.
Verify OK.
